[  0.000000] Initializing cgroup subsys cpuset
[    0.000000] Initializing cgroup subsys cp
[    0.000000] Initializing cgroup subsys cpuacct
[    0.000000] Linux version 4.4.0-142-generic (buildd@lgw01-amd64-033) (gcc version 5.4.0 20160609 (Ubuntu 5.4.0-6ubuntu1~16.04.10) ) #168-Ubuntu SMP Wed Jan 16 21:00:45 UTC 2019 (Ubuntu 4.4.0-142.168-generic 4.4.167)
[    0.000000] Command line: BOOT_IMAGE=/boot/vmlinuz-4.4.0-142-generic root=LABEL=cloudimg-rootfs ro console=tty1 console=ttyS0
[    0.000000] KERNEL supported cpus:
[    0.000000]   Intel GenuineIntel
[    0.000000]   AMD AuthenticAMD

[    0.000000]   Centaur CentaurHauls
[    0.000000] x86/fpu: xstate_offset[2]:  576, xstate_sizes[2]:  256
[    0.000000] x86/fpu: Supporting XSAVE feature 0x01: 'x87 floating point registers'
[    0.000000] x86/fpu: Supporting XSAVE feature 0x02: 'SSE registers'
[    0.000000] x86/fpu: Supporting XSAVE feature 0x04: 'AVX registers'
[    0.000000] x86/fpu: Enabled xstate features 0x7, context size is 832 bytes, using 'standard' format.
[    0.000000] e820: BIOS-provided physical RAM map:
[    0.000000] BIOS-e820: [mem 0x0000000000000000-0x000000000009fbff] usable
[    0.000000] BIOS-e820: [mem 0x000000000009fc00-0x000000000009ffff] reserved
[    000000] BIOS-e820: [mem 0x00000000000f0000-0x00000000000fffff] reserved
[    0.000000] BIOS-e820: [mem 0x0000000000100000-0x00000000dffeffff] usable
[    0.000000] BIOS-e820: [mem 0x00000000dfff0000-0x00000000dfffffff] ACPI data
[    0.000000] BIOS-e820: [mem 0x00000000fec00000-0x00000000fec00fff] reserved
[    0.000000] BIOS-e820: [mem 0x00000000fee00000-0x00000000fee00fff] reserved
[    0.000000] BIOS-e820: [mem 0x00000000fffc0000-0x00000000ffffffff] reserved
[    0.000000] BIOS-e820: [mem 0x0000000100000000-0x000000011fffffff] usable
[    0.000000] NX (Execute Disable) protection: active
[    0.000000] SMBIOS 2.5 present.
[    0.000000] Hypervisor detected: KVM
[    0.000000] e820: last_pfn = 0x120000 max_arch_pfn = 0x400000000
[     0.000]MTRR: isle
[  00000] 6/T:: MRs dsaled, sipng PAT initialization too.
[    0.000000] CPU MTRRs all blank - virtualized system.
[    0.000000] x86/PAT: Configuration [0-7]: WB  WT  UC- UC  WB  WT  UC- UC  
[    0.000000] e820: last_pfn = 0xdfff0 max_arch_pfn = 0x400000000
[    0.000000] found SMP MP-table at [mem 0x0009fff0-0x0009ffff] mapped at [ffff88000009fff0]
[    0.000000] Scanning 1 areas for low memory corruption
[    0.000000] RAMDISK: [mem 0x3630a000-0x3717cfff]
[    0.000000] ACPI: Early table checksum verification disabled
[    0.000000] ACPI: RSDP 0x00000000000E0000 000024 (v02 VBOX  )
[    0.000000] ACPI: XSDT 0x00000000DFFF0030 00003C (v01 VBOX   VBOXXSDT 00000001 ASL  00000061)
[    0.000000] ACPI: FACP 0x00000000DFFF00F0 0000F4 (v04 VBOX   VBOXFACP 00000001 ASL  00000061)
[    0.000000] ACPI: DSDT 0x00000000DFFF0480 0021FF (v02 VBOX   VBOXBIOS 00000002 INTL 20180105)
[    0.000000] ACPI: FACS 0x00000000DFFF0200 000040
[    0.000000] ACPI: FACS 0x00000000DFFF0200 000040
[    0.000000] ACPI: APIC 0x00000000DFFF0240 00006C (v02 VBOX   VBOXAPIC 00000001 ASL  00000061)
[    0.000000] ACPI: SSDT 0x00000000DFFF02B0 0001CC (v01 VBOX   VBOXCPUT 00000002 INTL 20180105)
[    0.000000] No NUMA configuration found
[    0.000000] Faking a node at [mem 0x0000000000000000-0x000000011fffffff]
[    0.000000] NODE_DATA(0) allocated [mem 0x11fff7000-0x11fffbfff]

[    0.000000] kvm-clock: Using msrs 4b564d01 and 4b564d00
[    0.000000] kvm-clock: cpu 0, msr 1:1ffef001, primary cpu clock
[    0.000000] kvm-clock: using sched offset of 3263715780 cycles
[    0.000000] clocksource: kvm-clock: mask: 0xffffffffffffffff max_cycles: 0x1cd42e4dffb, max_idle_ns: 881590591483 ns
[    0.00000 Zneranges:
[    0.000000]   DMA      [mem 0x0000000000001000-0x0000000000ffffff]
[    0.000000]   DMA32    [mem 0x0000000001000000-0x00000000ffffffff]
[    0.000000]   Normal   [mem 0x0000000100000000-0x000000011fffffff]
[    0.000000]   Device   empty
[    0.000000] Movable zone start for each node
[    0.000000] Early memory node ranges
[    0.000000]   node   0: [mem 0x0000000000001000-0x000000000009efff]
[    0.000000]   node   0: [mem 0x0000000000100000-0x00000000dffeffff]
[    0.000000]   node   0: [mem 0x0000000100000000-0x000000011fffffff]
[    0.000000] Initmem setup node 0 [mem 0x0000000000001000-0x000000011fffffff]
[    0.000000] ACPI: PM-Timer IO Port: 0x4008
[    0.000000] IOAPIC[0]: apic_id 4, version 32, address 0xfec00000, GSI 0-23
[    0.000000] ACPI: INT_SRC_OVR (bus 0 bus_irq 0 global_irq 2 dfl dfl)
[    0.000000] ACPI: INT_SRC_OVR (bus 0 bus_irq 9 global_irq 9 low level)
[    0.000000] Using ACPI (MADT) for SMP configuration information
[    0.000000] smpboot: Allowing 4 CPUs, 0 hotplug CPUs
[    0.000000] PM: Registered nosave memory: [mem 0x00000000-0x00000fff]
[    0.000000] PM: Registered nosave memory: [mem 0x0009f000-0x0009ffff]
[    0.000000] PM: Registered nosave memory: [mem 0x000a0000-0x000effff]
[    0.000000] PM: Registered nosave memory: [mem 0x000f0000-0x000fffff]
[    0.000000] PM: Registered nosave memory: [mem 0xdfff0000-0xdfffffff]
[    0.000000] PM: Registered nosave memory: [mem 0xe0000000-0xfebfffff]
[    0.000000] PM: Registered nosave memory: [mem 0xfec00000-0xfec00fff]
[    0.000000] PM: Registered nosave memory: [mem 0xfec01000-0xfedfffff]
[    0.000000] PM: Registered nosave memory: [mem 0xfee00000-0xfee00fff]
[    0.000000] PM: Registered nosave memory: [mem 0xfee01000-0xfffbffff]
[    0.000000] PM: Registered nosave memory: [mem 0xfffc0000-0xffffffff]
[    0.000000] e820: [mem 0xe0000000-0xfebfffff] available for PCI devices
[    0.000000] Booting paravirtualized kernel on KVM
[    0.000000] clocksource: refined-jiffies: mask: 0xffffffff max_cycles: 0xffffffff, max_idle_ns: 7645519600211568 ns
[    0.000000] setup_percpu: NR_CPUS:512 nr_cpumask_bits:512 nr_cpu_ids:4 nr_node_ids:1
[    0.000000] PERCPU: Embedded 34 pages/cpu @ffff88011fc00000 s99480 r8192 d31592 u524288
[    0.000000] Built 1 zonelis iNoderder mbili guping . otl pages:03056
[  .00000] Policy zone: Norl[   .000] Keelommad ne BOT_IGE=/boot/vmlinuz-4.4.0-142-generic root=LABEL=cloudimg-rootfs ro console=tty1 console=ttyS0
[    0.000000] PID hash table entries: 4096 (order: 3, 32768 bytes)
[    0.000000] Memory: 4027976K/4193848K available (8603K kernel code, 1332K rwdata, 4004K rodata, 1484K init, 1316K bss, 165872K reserved, 0K cma-reserved)
[    0.000000] SLUB: HWalign=64, Orde=0-3, MinObjects=0, CPUs=4, Nodes=1
[    0.000000] Kernel/User page tables isolation: enabled
[    0.000000] Hierarchical RCU implementation.
[    0.000000] 	Build-time adjustment of leaf fanout to 64.
[    0.000000] 	RCU restricting CPUs from NR_CPUS=512 to nr_cpu_ids=4.
[    0.000000] RCU: Adjusting geometry for rcu_fanout_leaf=64, nr_cpu_ids=4
[    0.000000] NR_IRQS:33024 nr_irqs:456 16
[    0.000000] Console: colour VGA+ 80x25
[    0.000000] console [tty1] enabled
[    0.000000] console [ttyS0] enabled
[    0.000000] tsc: Detected 1991.999 MHz processor
[    1.258812] Calibrating delay loop (skipped) preset value.. 3983.99 BogoMIPS (lpj=7999
[    1.305694] pid_max: default: 32768 minimum: 301
[    1.364783] ACPI: Core revision 20150930
[    1.375813] ACPI: 2 ACPI AML tables successfully acquired and loaded
[    1.376986] Security Framework initialized
[    1.377757] Yama: becoming mindful.
[    1.378410] AppArmor: AppArmor initialized
[    1.379786] Dentry cache hash table entries: 524288 (order: 10, 4194304 bytes)
[    1.382569] Inode-cache hash table entries: 262144 (order: 9, 2097152 bytes)
[    1.383891] Mount-cache hash table entries: 8192 (order: 4, 65536 bytes)
[    1.384908] Mountpoint-cache hash table entries: 8192 (order: 4, 65536 bytes)
[    1.386386] Initializing cgroup subsys io
[    1.387015] Initializing cgroup subsys memory
[    1.387695] Initializing cgroup subsys devices
[    1.388473] Initializing cgroup subsys freezer
[    1.389124] Initializing cgroup subsys net_cls
[    1.389779] Initializing cgroup subsys perf_event
[    1.391033] Initializing cgroup subsys net_prio
[    1.392050] Initializing cgroup subsys hugetlb
[    1.394876] Initializing cgroup subsys pids
[    1.396779] mce: CPU supports 0 MCE banks
[    1.402814] Last level iTLB entries: 4KB 64, 2MB 8, 4MB 8
[    1.410744] Last level dTLB entries: 4KB 64, 2MB 0, 4MB 0, 1GB 4
[    1.427382] Spectre V2 : Mitigation: Full generic retpoline
[    1.428333] Spectre V2 : Spectre v2 / SpectreRSB mitigation: Filling RSB on context switch
[    1.429673] Speculative Store Bypass: Vulnerable
[    1.432958] Freeing SMP alternatives memory: 32K
[    1.465490] ftrace: allocating 32277 entries in 127 pages
[    1.537808] smpboot: APIC(0) Converting physical 0 to logical package 0
[    1.616617] smpboot: Max logical packages: 1
[    1.617761] x2apic enabled
[    1.618622] Switched APIC routing to physical x2apic.
[    1.620559] ..TIMER: vector=0x30 apic1=0 pin1=2 apic2=-1 pin2=-1
[    1.746073] smpboot: CPU0: Intel(R) Core(TM) i7-8550U CPU @ 1.80GHz (family: 0x6, model: 0x8e, stepping: 0xa)
[    1.848339] Performance Events: unsupported p6 CPU model 142 no PMU driver, software events only.
[    1.858371] KVM setup paravirtual spinlock
[    1.866667] x86: Booting SMP configuration:
[    1.867340] .... node  #0, CPUs:      #1
[    1.868018] kvm-clock: cpu 1, msr 1:1ffef041, secondary cpu clock
[    1.869733] mce: CPU supports 0 MCE banks
[    1.872225]  #2
[    1.872599] kvm-clock: cpu 2, msr 1:1ffef081, secondary cpu clock
[    1.874635] mce: CPU supports 0 MCE banks
[    1.877232]  #3
[    1.877613] kvm-clock: cpu 3, msr 1:1ffef0c1, secondary cpu clock
[    1.894602] mce: CPU supports 0 MCE banks
[    1.897073] x86: Booted up 1 node, 4 CPUs
[    1.898053] smpboot: Total of 4 processors activated (15935.99 BogoMIPS)
[    1.899571] devtmpfs: initialized
[    1.902685] evm: security.selinux
[    1.903338] evm: security.SMACK64
[    1.903942] evm: security.SMACK64EXEC
[    1.904600] evm: security.SMACK64TRANSMUTE
[    1.905428] evm: security.SMACK64MMAP
[    1.906079] evm: security.ima
[    1.906640] evm: security.capability
[    1.908085] clocksource: jiffies: mask: 0xffffffff max_cycles: 0xffffffff, max_idle_ns: 7645041785100000 ns
[    1.913966] futex hash table entries: 1024 (order: 4, 65536 bytes)
[    1.914976] pinctrl core: initialized pinctrl subsystem
[    1.915840] RTC time:  9:58:58, date: 05/07/19
[    1.916745] NET: Registered protocol family 16
[    1.926388] cpuidle: using governor ladder
[    1.950474] cpuidle: using governor menu
[    1.956656] PCCT header not found.
[    1.959559] ACPI: bus type PCI registered
[    1.994233] acpiphp: ACPI Hot Plug PCI Controller Driver version: 0.5
[    1.995434] PCI: Using configuration type 1 for base access
[    2.008726] ACPI: Added _OSI(Module Device)
[    2.090162] ACPI: Added _OSI(Processor Device)
[    2.113182] ACPI: Added _OSI(3.0 _SCP Extensions)
[    2.114131] ACPI: Added _OSI(Processor Aggregator Device)
[    2.115570] ACPI: Executed 1 blocks of module-level executable AML code
[    2.118361] ACPI: Interpreter enabled
[    2.119013] ACPI: (supports S0 S5)
[    2.119563] ACPI: Using IOAPIC for interrupt routing
[    2.120374] PCI: Using host bridge windows from ACPI; if necessary, use "pci=nocrs" and report a bug
[    2.125286] ACPI: PCI Root Bridge [PCI0] (domain 0000 [bus 00-ff])
[    2.126479] acpi PNP0A03:00: _OSC: OS supports [ASPM ClockPM Segments MSI]
[    2.127757] acpi PNP0A03:00: _OSC: not requesting OS control; OS requires [ExtendedConfig ASPM ClockPM MSI]
[    2.129756] acpi PNP0A03:00: fail to add MMCONFIG information, can't access extended PCI configuration space under this bridge.
[    2.132002] PCI host bridge to bus 0000:00
[    2.132788] pci_bus 0000:00: root bus resource [io  0x0000-0x0cf7 window]
[    2.134015] pci_bus 0000:00: root bus resource [io  0x0d00-0xffff window]
[    2.135182] pci_bus 0000:00: root bus resource [mem 0x000a0000-0x000bffff window]
[    2.144435] pci_bus 0000:00: root bus resource [mem 0xe0000000-0xfdffffff window]
[    2.145797] pci_bus 0000:00: root bus resource [bus 00-ff]
[    2.147967] pci 0000:00:01.1: legacy IDE quirk: reg 0x10: [io  0x01f0-0x01f7]
[    2.149111] pci 0000:00:01.1: legacy IDE quirk: reg 0x14: [io  0x03f6]
[    2.150393] pci 0000:00:01.1: legacy IDE quirk: reg 0x18: [io  0x0170-0x0177]
[    2.151938] pci 0000:00:01.1: legacy IDE quirk: reg 0x1c: [io  0x0376]
[    2.206288] pci 0000:00:07.0: quirk: [io  0x4000-0x403f] claimed by PIIX4 ACPI
[    2.207749] pci 0000:00:07.0: quirk: [io  0x4100-0x410f] claimed by PIIX4 SMB
[    2.248819] ACPI: PCI Interrupt Link [LNKA] (IRQs 5 9 10 *11)
[    2.273252] ACPI: PCI Interrupt Link [LNKB] (IRQs 5 9 *10 11)
[    2.287031] ACPI: PCI Interrupt Link [LNKC] (IRQs 5 *9 10 11)
[    2.299075] ACPI: PCI Interrupt Link [LNKD] (IRQs 5 9 10 *11)
[    2.303638] ACPI: Enabled 2 GPEs in block 00 to 07
[    2.306408] vgaarb: setting as boot device: PCI:0000:00:02.0
[    2.307919] vgaarb: device added: PCI:0000:00:02.0,decodes=io+mem,owns=io+mem,locks=none
[    2.315988] vgaarb: loaded
[    2.316654] vgaarb: bridge control possible 0000:00:02.0
[    2.317994] SCSI subsystem initialized
[    2.318969] ACPI: bus type USB registered
[    2.321633] usbcore: registered new interface driver usbfs
[    2.333028] usbcore: registered new interface driver hub
[    2.333838] usbcore: registered new device driver usb
[    2.334896] PCI: Using ACPI for IRQ routing
[    2.335769] NetLabel: Initializing
[    2.336316] NetLabel:  domain hash size = 128
[    2.337048] NetLabel:  protocols = UNLABELED CIPSOv4
[    2.337994] NetLabel:  unlabeled traffic allowed by default
[    2.339373] amd_nb: Cannot enumerate AMD northbridges
[    2.340864] clocksource: Switched to clocksource kvm-clock
[    2.347262] AppArmor: AppArmor Filesystem Enabled
[    2.504819] pnp: PnP ACPI init
[    2.505933] pnp: PnP ACPI: found 3 devices
[  217105] clocksource: acpi_pm: mask: 0xffffff max_cycles: 0xffffff, max_idle_ns: 2085701024 ns
[    2.605561] NET: Registered protocol family 2
[    2.606372] TCP established hash table entries: 32768 (order: 6, 262144 bytes)
[    2.607820] TCP bind hash table entries: 32768 (order: 7, 524288 bytes)
[    2.6336] TCP: Hash tables configured (established 32768 bind 32768)
[    2.654386] UDP hash table entries: 2048 (order: 4, 65536 bytes)
[    2.655260] UDP-Lite hash table entries: 2048 (order: 4, 65536 bytes)
[    2.656157] NET: Registered protocol family 1
[    2.656812] pci 0000:00:00.0: Limiting direct PCI/PCI transfers
[    2.657685] pci 0000:00:01.0: Activating ISA DMA hang workarounds
[    2.658703] Unpacking initramfs...

[  236414] Freeing initrd memory: 14796K
[    2.924753] PCI-DMA: Using software bounce buffering for IO (SWIOTLB)
[    2.925871] software IO TLB [mem 0xdbff0000-0xdfff0000] (64MB) mapped at [ffff8800dbff0000-ffff8800dffeffff]
[    2.927726] platform rtc_cmos: registered platform RTC device (no PNP device found)
[    2.929115] Scanning for low memory corruption every 60 seconds

[    2.930535] audit: initializing netlink subsys (disabled)
[    2.931439] audit: type=2000 audit(1557223142.062:1): initialized
[    2.932537] Initialise system trusted keyring
[    2.933546] HugeTLB registered 2 MB page size, pre-allocated 0 pages
[    2.935628] zbud: loaded
[    2.936432] VFS: Disk quotas dquot_6.6.0
[    2.937110] VFS: Dquot-cache hash table entries: 512 (order 0, 4096 bytes)
[    2.938372] squashfs: version 4.0 (2009/01/31) Phillip Lougher
[    2.939566] fuse init (API version 7.23)
[    2.940492] Key type big_key registered
[    2.946511] Allocating IMA MOK and blacklist keyrings.
[    2.948402] Key type asymmetric registered
[    2.949197] Asymmetric key parser 'x509' registered
[    2.949991] Block layer SCSI generic (bsg) driver version 0.4 loaded (major 249)
[    2.956427] io scheduler noop registered
[    2.957132] io scheduler deadline registered (default)
[    2.957955] io scheduler cfq registered
[    2.958729] pci_hotplug: PCI Hot Plug PCI Core version: 0.5
[    2.959737] pciehp: PCI Express Hot Plug Controller Driver version: 0.4
[    2.960913] ACPI: AC Adapter [AC] (on-line)
[    2.964940] input: Power Button as /devices/LNXSYSTM:00/LNXPWRBN:00/input/input0
[    2.966265] ACPI: Power Button [PWRF]
[    2.966991] input: Sleep Button as /devices/LNXSYSTM:00/LNXSLPBN:00/input/input1
[    2.968275] ACPI: Sleep Button [SLPF]
[    2.969145] GHES: HEST is not enabled!
[    2.969987] Serial: 8250/16550 drivr, 32 ports, IRQ sri ebl
  3.59875] 00:02: ttyS0 at I/O 0x3f8 (irq = 4, base_baud = 115200) is a 16550A
[    3.377468] Linux agpgart interface v0.103

[    3.380767] loop: module loaded
[    3.382156] scsi host0: ata_piix
[    3.383088] scsi host1: ata_piix
[    3.383874] ata1: PATA max UDMA/33 cmd 0x1f0 ctl 0x3f6 bmdma 0xd000 irq 14
[    3.390380] ata2: PATA max UDMA/33 cmd 0x170 ctl 0x376 bmdma 0xd008 irq 15
[    3.394252] libphy: Fixed MDIO Bus: probed
[    3952]unUneral TUN/TAP device driver, 1.6
[    3.0446] tun: (C) 1999-2004 Max Krasnyansky <maxk@qualcomm.com>
[    3.687929] PPP generic driver version 2.4.2
[    3.688705] ehci_hcd: USB 2.0 'Enhanced' Host Controller (EHCI) Driver
[    3.689693] ehci-pci: EHCI PCI platform driver
[    3.690412] ehci-platform: EHCI generic platform driver
[    3.691322] ohci_hcd: USB 1.1 'Open' Host Controller (OHCI) Driver
[    3.692307] ohci-pci: OHCI PCI platform driver
[    3.693140] ohci-platform: OHCI generic platform driver
[    3.694410] uhci_hcd: USB Universal Host Controller Interface driver
[    3.696339] i8042: PNP: PS/2 Controller [PNP0303:PS2K,PNP0f03:PS2M] at 0x60,0x64 irq 1,12
[   3.699514] serioi8042 KBD port at 0x60,0x64 irq 1
[  3941] srio: i8042 AUX port at 0x60,0x64 irq 12
[    3.925008] tsc: Refined TSC clocksource calibration: 1992.359 MHz
[    3.925010] clocksource: tsc: mask: 0xffffffffffffffff max_cycles: 0x396ff873c53, max_idle_ns: 881590785761 ns
[    3.954796] mousedev: PS/2 mouse device common for all mice
[    3.956108] rtc_cmos rtc_cmos: rtc core: registered rtc_cmos as rtc0
[    3.957135] rtc_cmos rtc_cmos: alarms up to one day, 114 bytes nvram
[    3.958159] input: AT Translated Set 2 keyboard as /devices/platform/i8042/serio0/input/input2
[    3.959830] i2c /dev entries driver
[    3.960654] device-mapper: uevent: version 1.0.3
[    3.961498] device-mapper: ioctl: 4.34.0-ioctl (2015-10-28) initialised: dm-devel@redhat.com
[    3.962900] ledtrig-cpu: registered to indicate activity on CPUs

[    3.964545] NET: Registered protocol family 10
[    3.965862] NET: Registered protocol family 17
[    3.966762] Key type dns_resolver registered
[    3.967846] registered taskstats version 1
[    3.968670] Loading compiled-in X.509 certificates
[    3.970074] Loaded X.509 cert 'Build time autogenerated kernel key: bff73e56bc0efa7435b2a24f5427674623f1be80'
[    3.974011] zswap: loaded using pool lzo/zbud
[    3.976728] Key type trusted registered
[    3.980948] Key type encrypted registered
[    3.997498] AppArmor: AppArmor sha1 policy hashing enabled
[    4.008666] ima: No TPM chip found, activating TPM-bypass!
[    4.009910] ima: Allocated hash algorithm: sha1
[    4.038503] evm: HMAC attrs: 0x1
[    4.039690]   Magic number: 3:913:979
[    4.040413] memory memory26: hash matches
[    4.041292] rtc_cmos rtc_cmos: setting system clock to 2019-05-07 09:59:00 UTC (1557223140)
[    4.043076] BIOS EDD facility v0.16 2004-Jun-25, 0 devices found
[    4.044103] EDD information not available.
[    4.046261] Freeing unused kernel memory: 1484K
[    4.064349] Write protecting the kernel read-only data: 14336k
[    4.416229] Freeing unused kernel memory: 1624K
[    4.425441] Freeing unused kernel memory: 92K
Loading, please wait...
starting version 229
[    4.446538] random: systemd-udevd: uninitialized urandom read (16 bytes read, 3 bits of entropy available)
[    4.447386] random: udevadm: uninitialized urandom read (16 bytes read, 3 bits of entropy available)
[    4.447409] random: udevadm: uninitialized urandom read (16 bytes read, 3 bits of entropy available)
[    4.456202] random: udevadm: uninitialized urandom read (16 bytes read, 3 bits of entropy available)
[    4.456258] random: udevadm: uninitialized urandom read (16 bytes read, 3 bits of entropy available)
[    4.456538] random: udevadm: uninitialized urandom read (16 bytes read, 3 bits of entropy available)
[    4.456591] random: udevadm: uninitialized urandom read (16 bytes read, 3 bits of entropy available)
[    4.456645] random: udevadm: uninitialized urandom read (16 bytes read, 3 bits of entropy available)
[    4.456693] random: udevadm: uninitialized urandom read (16 bytes read, 3 bits of entropy available)
[    4.456739] random: udevadm: uninitialized urandom read (16 bytes read, 3 bits of entropy available)
[    4.967253] e1000: Intel(R) PRO/1000 Network Driver - version 7.3.21-k8-NAPI
[    4.970195] e1000: Copyright (c) 1999-2006 Intel Corporation.
[    4.971330] Fusion MPT base driver 3.04.20
[    4.972463] Copyright (c) 1999-2008 LSI Corporation
[    4.979812] Fusion MPT SPI Host driver 3.04.20
[    4.981190] AVX2 version of gcm_enc/dec engaged.
[    4.981982] AES CTR mode by8 optimization enabled
[    5.189186] input: ImExPS/2 Generic Explorer Mouse as /devices/platform/i8042/serio1/input/input4
[    5.343930] e1000 0000:00:03.0 eth0: (PCI:33MHz:32-bit) 02:47:ec:b6:72:35
[    5.350687] e1000 0000:00:03.0 eth0: Intel(R) PRO/1000 Network Connection
[    5.716889] e1000 0000:00:08.0 eth1: (PCI:33MHz:32-bit) 08:00:27:28:5f:00
[    5.718091] e1000 0000:00:08.0 eth1: Intel(R) PRO/1000 Network Connection
[    5.719922] e1000 0000:00:03.0 enp0s3: renamed from eth0
[    5.721034] mptbase: ioc0: Initiating bringup
[    5.741177] e1000 0000:00:08.0 enp0s8: renamed from eth1
[    5.805307] ioc0: LSI53C1030 A0: Capabilities={Initiator}
[    6.453043] scsi host2: ioc0: LSI53C1030 A0, FwRev=00000000h, Ports=1, MaxQ=256, IRQ=20
[    7.008133] scsi 2:0:0:0: Direct-Access     VBOX     HARDDISK         1.0  PQ: 0 ANSI: 5
[    7.030406] scsi target2:0:0: Beginning Domain Validation
[    7.046207] scsi target2:0:0: Domain Validation skipping write tests
[    7.055890] scsi target2:0:0: Ending Domain Validation
[    7.111246] scsi target2:0:0: asynchronous
[    7.112722] scsi 2:0:1:0: Direct-Access     VBOX     HARDDISK         1.0  PQ: 0 ANSI: 5
[    7.114151] scsi target2:0:1: Beginning Domain Validation
[    7.116467] scsi target2:0:1: Domain Validation skipping write tests
[    7.117516] scsi target2:0:1: Ending Domain Validation
[    7.118360] scsi target2:0:1: asynchronous
[    7.125806] sd 2:0:0:0: Attached scsi generic sg0 type 0
[    7.126915] sd 2:0:0:0: [sda] 20971520 512-byte logical blocks: (10.7 GB/10.0 GiB)
[    7.128730] sd 2:0:0:0: [sda] Write Protect is off
[    7.128974] sd 2:0:1:0: [sdb] 20480 512-byte logical blocks: (10.5 MB/10.0 MiB)
[    7.129172] sd 2:0:1:0: [sdb] Write Protect is off
[    7.129305] sd 2:0:1:0: [sdb] Incomplete mode parameter data
[    7.129307] sd 2:0:1:0: [sdb] Assuming drive cache: write through
[    7.133207] sd 2:0:1:0: Attached scsi generic sg1 type 0
[    7.135659] sd 2:0:1:0: [sdb] Attached SCSI disk
[    7.137758] sd 2:0:0:0: [sda] Incomplete mode parameter data
[    7.138928] sd 2:0:0:0: [sda] Assuming drive cache: write through
[    7.141305]  sda: sda1
[    7.143145] sd 2:0:0:0: [sda] Attached SCSI disk
Begin: Loading e[    8.481545] md: linear personality registered for level -1
ssential drivers ... [    8.502691] md: multipath personality registered for level -4
[    8.553721] md: raid0 personality registered for level 0
[    8.558900] md: raid1 personality registered for level 1
[    8.636916] raid6: sse2x1   gen()  9473 MB/s
[    8.732952] raid6: sse2x1   xor()  7584 MB/s
[    8.800941] raid6: sse2x2   gen() 11671 MB/s
[    8.868935] raid6: sse2x2   xor()  6857 MB/s
[    8.937018] raid6: sse2x4   gen() 14907 MB/s
[    9.040948] raid6: sse2x4   xor()  9881 MB/s
[    9.146961] raid6: avx2x1   gen() 21910 MB/s
[    9.220963] raid6: avx2x2   gen() 25930 MB/s
[    9.352951] raid6: avx2x4   gen() 28048 MB/s
[    9.373344] raid6: using algorithm avx2x4 gen() 28048 MB/s
[    9.384742] raid6: using avx2x2 recovery algorithm
[    9.418878] xor: automatically using best checksumming function:
[    9.552905]    avx       : 24929.000 MB/sec
[    9.554659] async_tx: api initialized (async)
[    9.565897] md: raid6 personality registered for level 6
[    9.567046] md: raid5 personality registered for level 5
[    9.567947] md: raid4 personality registered for level 4
[    9.575325] md: raid10 personality registered for level 10
done.
Begin: Running /scripts/init-premount ... done.
Begin: Mounting root file system ... Begin: Running /scripts/local-top ... done.
Begin: Running /scripts/local-premount ... [    9.605372] Btrfs loaded
Scanning for Btrfs filesystems
done.
Warning: fsck no[    9.632557] EXT4-fs (sda1): mounted filesystem with ordered data mode. Opts: (null)
t present, so skipping root file system
done.
Begin: Running /scripts/local-bottom ... done.
Begin: Running /scripts/init-bottom ... done.
[    9.734373] systemd[1]: systemd 229 running in system mode. (+PAM +AUDIT +SELINUX +IMA +APPARMOR +SMACK +SYSVINIT +UTMP +LIBCRYPTSETUP +GCRYPT +GNUTLS +ACL +XZ -LZ4 +SECCOMP +BLKID +ELFUTILS +KMOD -IDN)
[    9.742887] systemd[1]: Detected virtualization oracle.
[    9.743843] systemd[1]: Detected architecture x86-64.

Welcome to [1mUbuntu 16.04.5 LTS[0m!

[    9.748530] systemd[1]: Set hostname to <ubuntu>.
[    9.750922] systemd[1]: Initializing machine ID from random generator.
[    9.752095] systemd[1]: Installed transient /etc/machine-id file.
[    9.878200] systemd[1]: Listening on Device-mapper event daemon FIFOs.
[[0;32m  OK  [0m] Listening on Device-mapper event daemon FIFOs.
[    9.880502] systemd[1]: Listening on Journal Audit Socket.
[[0;32m  OK  [0m] Listening on Journal Audit Socket.
[    9.882383] systemd[1]: Listening on Syslog Socket.
[[0;32m  OK  [0m] Listening on Syslog Socket.
[    9.896630] systemd[1]: Reached target Swap.
[[0;32m  OK  [0m] Reached target Swap.
[    9.899562] systemd[1]: Reached target User and Group Name Lookups.
[[0;32m  OK  [0m] Reached target User and Group Name Lookups.
[    9.907473] systemd[1]: Created slice System Slice.
[[0;32m  OK  [0m] Created slice System Slice.
[    9.909459] systemd[1]: Started Forward Password Requests to Wall Directory Watch.
[[0;32m  OK  [0m] Started Forward Password Requests to Wall Directory Watch.
[    9.921159] systemd[1]: Listening on LVM2 poll daemon socket.
[[0;32m  OK  [0m] Listening on LVM2 poll daemon socket.
[    9.923115] systemd[1]: Reached target System Time Synchronized.
[[0;32m  OK  [0m] Reached target System Time Synchronized.
[    9.925179] systemd[1]: Listening on LVM2 metadata daemon socket.
[[0;32m  OK  [0m] Listening on LVM2 metadata daemon socket.
[    9.927569] systemd[1]: Created slice system-serial\x2dgetty.slice.
[[0;32m  OK  [0m] Created slice system-serial\x2dgetty.slice.
[    9.929794] systemd[1]: Listening on Journal Socket (/dev/log).
[[0;32m  OK  [0m] Listening on Journal Socket (/dev/log).
[    9.932091] systemd[1]: Created slice User and Session Slice.
[[0;32m  OK  [0m] Created slice User and Session Slice.
[    9.934032] systemd[1]: Reached target Slices.
[[0;32m  OK  [0m] Reached target Slices.
[    9.940852] systemd[1]: Listening on Journal Socket.
[[0;32m  OK  [0m] Listening on Journal Socket.
[    9.961524] systemd[1]: Mounting Huge Pages File System...
         Mounting Huge Pages File System...
[   10.021366] systemd[1]: Starting Load Kernel Modules...
         Starting Load Kernel Modules...
[   10.023939] systemd[1]: Starting Remount Root and Kernel File Systems...
[   10.028390] EXT4-fs (sda1): re-mounted. Opts: (null)
[   10.074697] Loading iSCSI transport class v2.0-870.
         Starting Remount Root and Kernel File Systems...
[   10.081078] iscsi: registered transport (tcp)
[   10.081759] systemd[1]: Mounting POSIX Message Queue File System...
         Mounting POSIX Message Queue File System...
[   10.115044] systemd[1]: Starting Create list of required static device nodes for the current kernel...
         Starting Create list of required st... nodes for the current kernel...
[   10.118931] systemd[1]: Starting Monitoring of LVM2 mirrors, snapshots etc. using dmeventd or progress polling...
         Starting Monitoring of LVM2 mirrors... dmeventd or progress polling...
[   10.123731] systemd[1]: Set up automount Arbitrary Executable File Formats File System Automount Point.
[[0;32m  OK  [0m] Set up automount Arbitrary Executab...ats File System Automount Point.
[   10.139100] systemd[1]: Starting Uncomplicated firewall...
         Starting Uncomplicated firewall...
[   10.142075] systemd[1]: Starting Set console keymap...
         Starting Set console keymap...
[   10.150004] systemd[1]: Listening on /dev/initctl Compatibility Named Pipe.
[   10.153390] iscsi: registered transport (iser)
[[0;32m  OK  [0m] Listening on /dev/initctl Compatibility Named Pipe.
[   10.155649] systemd[1]: Starting Nameserver information manager...
         Starting Nameserver information manager...
[   10.157677] systemd[1]: Listening on udev Kernel Socket.
[[0;32m  OK  [0m] Listening on udev Kernel Socket.
[   10.160410] systemd[1]: Mounting Debug File System...
         Mounting Debug File System...
[   10.162335] systemd[1]: Reached target Encrypted Volumes.
[[0;32m  OK  [0m] Reached target Encrypted Volumes.
[   10.164290] systemd[1]: Listening on udev Control Socket.
[[0;32m  OK  [0m] Listening on udev Control Socket.
[   10.166300] systemd[1]: Started Trigger resolvconf update for networkd DNS.
[[0;32m  OK  [0m] Started Trigger resolvconf update for networkd DNS.
[   10.169213] systemd[1]: Starting Journal Service...
         Starting Journal Service...
[   10.219866] systemd[1]: Mounted Huge Pages File System.
[[0;32m  OK  [0m] Mounted Huge Pages File System.
[   10.280692] systemd[1]: Mounted Debug File System.
[[0;32m  OK  [0m] Mounted Debug File System.
[   10.314000] systemd[1]: Mounted POSIX Message Queue File System.
[[0;32m  OK  [0m] Mounted POSIX Message Queue File System.
[   10.316944] systemd[1]: Started Journal Service.
[[0;32m  OK  [0m] Started Journal Service.
[[0;32m  OK  [0m] Started Load Kernel Modules.
[[0;32m  OK  [0m] Started Remount Root and Kernel File Systems.
[[0;32m  OK  [0m] Started Create list of required sta...ce nodes for the current kernel.
[[0;32m  OK  [0m] Started Uncomplicated firewall.
[[0;32m  OK  [0m] Started Set console keymap.
[[0;32m  OK  [0m] Started Nameserver information manager.
[[0;32m  OK  [0m] Started LVM2 metadata daemon.
         Startin[   10.477335] random: nonblocking pool is initialized
g Create Static Device Nodes in /dev...
         Starting udev Coldplug all Devices...
         Starting Load/Save Random Seed...
         Mounting FUSE Control File System...
         Starting Apply Kernel Variables...
         Starting Flush Journal to Persistent Storage...
[[0;32m  OK  [0m] Mounted FUSE Control File System.
[[0;32m  OK  [0m] Started Monitoring of LVM2 mirrors,...ng dmeventd or progress polling.
[[0;32m  OK  [0m] Started Create Static Device Nodes in /dev.
[[0;32m  OK  [0m] Started Load/Save Random Seed.
[[0;32m  OK  [0m] Started Apply Kernel Variables.
[[0;32m  OK  [0m] Started udev Coldplug all Devices.
         Starting udev Kernel Device Manager...
[[0;32m  OK  [0m] Reached target Local File Systems (Pre).
[[0;32m  OK  [0m] Reached target Local File Systems.
         Starting Commit a transient machine-id on disk...
         Starting Set console font and keymap...
         Starting Tell Plymouth To Write Out Runtime Data...
         Starting Initial cloud-init job (pre-networking)...
         Starting LSB: AppArmor initialization...
[[0;32m  OK  [0m] Started udev Kernel Device Manager.
[[0;32m  OK  [0m] Started Flush Journal to Persistent Storage.
[[0;32m  OK  [0m] Started Commit a transient machine-id on disk.
[[0;32m  OK  [0m] Started Tell Plymouth To Write Out Runtime Data.
         Starting Create Volatile Files and Directories...
[[0;32m  OK  [0m] Started Dispatch Password Requests to Console Directory Watch.
[[0;32m  OK  [0m] Started Create Volatile Files and Directories.
[[0;32m  OK  [0m] Found device /dev/ttyS0.
         Starting Update UTMP about System Boot/Shutdown...
[[0;32m  OK  [0m] Listening on Load/Save RF Kill Switch Status /dev/rfkill Watch.
[[0;32m  OK  [0m] Started Update UTMP about System Boot/Shutdown.
[[0;1;31mFAILED[0m] Failed to start Set console font and keymap.
See 'systemctl status console-setup.service' for details.
[[0;32m  OK  [0m] Started LSB: AppArmor initialization.
[[0;32m  OK  [0m] Created slice system-getty.slice.
[   10.815084] cloud-init[489]: Cloud-init v. 18.4-0ubuntu1~16.04.2 running 'init-local' at Tue, 07 May 2019 09:59:08 +0000. Up 10.59 seconds.
[[0;32m  OK  [0m] Started Initial cloud-init job (pre-networking).
[[0;32m  OK  [0m] Reached target Network (Pre).
         Starting Raise network interfaces...
[[0;32m  OK  [0m] Started Raise network interfaces.
[[0;32m  OK  [0m] Reached target Network.
         Starting Initial cloud-init job (metadata service crawler)...
[   12.555911] cloud-init[933]: Cloud-init v. 18.4-0ubuntu1~16.04.2 running 'init' at Tue, 07 May 2019 09:59:10 +0000. Up 11.98 seconds.
[   12.575751] cloud-init[933]: ci-info: ++++++++++++++++++++++++++++++++++++++Net device info+++++++++++++++++++++++++++++++++++++++
[   12.577461] cloud-init[933]: ci-info: +--------+-------+----------------------------+---------------+--------+-------------------+
[   12.585091] cloud-init[933]: ci-info: | Device |   Up  |          Address           |      Mask     | Scope  |     Hw-Address    |
[   12.611370] [cloud-init[0;32m  OK  [0m[933]: ] ci-info: +--------+-------+----------------------------+---------------+--------+-------------------+Started Initial cloud-init job (metadata service crawler).

[   12.611598] cloud-init[933]: ci-info: | enp0s3 |  True |         10.0.2.15          | 255.255.255.0 | global | 02:47:ec:b6:72:35 |
[   12.615765] [cloud-init[0;32m  OK  [0m[933]: ] ci-info: | enp0s3 |  True | fe80::47:ecff:feb6:7235/64 |       .       |  link  | 02:47:ec:b6:72:35 |Reached target System Initialization.

[   12.616011] [cloud-init[0;32m  OK  [0m[933]: ] ci-info: | enp0s8 | False |             .              |       .       |   .    | 08:00:27:28:5f:00 |Listening on ACPID Listen Socket.

[[   12.617971] [0;32m  OK  [0mcloud-init] [933]: Started Daily apt download activities.ci-info: |   lo   |  True |         127.0.0.1          |   255.0.0.0   |  host  |         .         |

[   12.828449] [cloud-init[0;32m  OK  [0m[933]: ] ci-info: |   lo   |  True |          ::1/128           |       .       |  host  |         .         |Started Daily apt upgrade and clean activities.

         [   12.829493] Starting Socket activation for snappy daemon.cloud-init
[933]: ci-info: +--------+-------+----------------------------+---------------+--------+-------------------+
[   13.805104] [cloud-init[0;32m  OK  [0m[933]: ] ci-info: +++++++++++++++++++++++++++Route IPv4 info++++++++++++++++++++++++++++Listening on D-Bus System Message Bus Socket.

[[   13.806562] [0;32m  OK  [0mcloud-init] [933]: Listening on UUID daemon activation socket.ci-info: +-------+-------------+----------+---------------+-----------+-------+

[   13.918692] [cloud-init[0;32m  OK  [0m[933]: ] ci-info: | Route | Destination | Gateway  |    Genmask    | Interface | Flags |Started Daily Cleanup of Temporary Directories.

[   13.919741] cloud-init[933]: ci-info: +-------+-------------+----------+---------------+-----------+-------+
         Starting LXD - unix socket.
[   13.999716] cloud-init[933]: ci-info: |   0   |   0.0.0.0   | 10.0.2.2 |    0.0.0.0    |   enp0s3  |   UG  |
[   14.274378] [cloud-init[0;32m  OK  [0m[933]: ] ci-info: |   1   |   10.0.2.0  | 0.0.0.0  | 255.255.255.0 |   enp0s3  |   U   |Started ACPI Events Check.

[   14.275887] [cloud-init[0;32m  OK  [0m[933]: ] ci-info: +-------+-------------+----------+---------------+-----------+-------+Reached target Paths.

[[   14.351341] [0;32m  OK  [0mcloud-init] [933]: Reached target Timers.ci-info: +++++++++++++++++++Route IPv6 info+++++++++++++++++++

[   14.777284] [cloud-init[0;32m  OK  [0m[933]: ] ci-info: +-------+-------------+---------+-----------+-------+Reached target Network is Online.

[   14.778353] cloud-init[933]: ci-info: | Route | Destination | Gateway | Interface | Flags |
         Starting iSCSI initiator daemon (iscsid)...
[[   14.822421] [0;32m  OK  [0mcloud-init] [933]: Reached target Cloud-config availability.ci-info: +-------+-------------+---------+-----------+-------+

[   14.872914] [cloud-init[0;32m  OK  [0m[933]: ] ci-info: |   0   |  fe80::/64  |    ::   |   enp0s3  |   U   |Listening on Socket activation for snappy daemon.

[[   14.875341] [0;32m  OK  [0mcloud-init] [933]: Listening on LXD - unix socket.ci-info: |   3   |   ff00::/8  |    ::   |   enp0s3  |   U   |

[   14.902288] [cloud-init[0;32m  OK  [0m[933]: ] ci-info: +-------+-------------+---------+-----------+-------+Started iSCSI initiator daemon (iscsid).

[   14.902994] cloud-init[933]: Generating public/private rsa key pair.
[   14.915371]          cloud-initStarting Login to default iSCSI targets...[933]: 
Your identification has been saved in /etc/ssh/ssh_host_rsa_key.
[   14.919420] [cloud-init[0;32m  OK  [0m[933]: ] Your public key has been saved in /etc/ssh/ssh_host_rsa_key.pub.Reached target Sockets.

[[   14.920013] [0;32m  OK  [0mcloud-init] [933]: Reached target Basic System.The key fingerprint is:

         Starting System Logging Service...
[   14.944408] cloud-init[933]: SHA256:OfmjEW478BxXTvBiLLnRiFmBuLkhSuo5rC0vMP7Sbqg root@ubuntu-xenial
         Starting Virtualbox guest utils...
[   14.947141] cloud-init         Starting /etc/rc.local Compatibility...
[933]: The key's randomart image is:         Starting LSB: MD monitoring daemon...

[   14.953566] cloud-init[[0;32m  OK  [0m] Started ACPI event daemon.
[933]: [[0;32m  OK  [0m] Started FUSE filesystem for LXC.
+---[RSA 2048]----+         Starting Login Service...

         Starting LSB: Record successful boot for GRUB...
[   14.961686] cloud-init         Starting Pollinate to seed the pseudo random number generator...
[[0;32m  OK  [0m] Started Regular background program processing daemon.
[[0;32m  OK  [0m] Started Deferred execution scheduler.
[[0;32m  OK  [0m] Started D-Bus System Message Bus.
[933]: |     . ...       |
[   14.972027] cloud-init[933]: |    . . . .      |
[   15.012386]          cloud-initStarting LXD - container startup/shutdown...[933]: 
|     o + = o     |
[   15.027730] cloud-init[933]: | .. + o =o= +    |
[   15.028725] cloud-init[933]: |o. . o  S= =     |
[   15.029756] cloud-init[933]: |=   . ..o+. .    |
[   15.030774] cloud-init[933]: |=.+    ++oo      |
[   15.031766] cloud-init[933]: |oX o   .++ .     |
         [   15.039428] cloud-init[933]: |E+Oo    o.       |
Starting Accounts Service...
[   15.040246] cloud-init[933]: +----[SHA256]-----+
[[0;32m  OK  [0m] [   15.040935] cloud-init[933]: Generating public/private dsa key pair.
Started Unattended Upgrades Shutdown.
[   15.041109] cloud-init[933]: Your identification has been saved in /etc/ssh/ssh_host_dsa_key.
[   15.088282]          cloud-initStarting Snappy daemon...[933]: 
Your public key has been saved in /etc/ssh/ssh_host_dsa_key.pub.
[[   15.102145] cloud-init[933]: The key fingerprint is:
[0;32m  OK  [0m] Started System Logging Service.
[   15.102599] cloud-init[933]: SHA256:ZQtNyWhnj0nd9ns6TfaQ9miQbzCsB8raQgr0L+577Ls root@ubuntu-xenial
[[   15.111199] cloud-init[933]: The key's randomart image is:
[0;32m  OK  [0m] Started /etc/rc.local Compatibility.
[   15.111517] cloud-init[933]: +---[DSA 1024]----+
[[   15.113411] [0;32m  OK  [0mcloud-init] [933]: Started LXD - container startup/shutdown.|         o.o .   |

[   15.115067] cloud-init[933]: |        oo* . o  |
[   15.118363] cloud-init[933]: |       ..+++ . . |
[   15.131135] cloud-init[933]: |  .      +o..   .|
[   15.132055] cloud-init[933]: | . .    S .. . ..|
[   15.137805] cloud-init[933]: |  . . .   . * +.+|
[   15.180458] [cloud-init[0;32m  OK  [0m[933]: ] |   . = . . o * Oo|Started Login to default iSCSI targets.

[   15.180697] cloud-init[933]: |    o =.o . . B +|
[   15.229918] cloud-init[933]: |   o+=E=.  . o . |
[   15.237086] [cloud-init[0;32m  OK  [0m[933]: ] +----[SHA256]-----+Started Snappy daemon.

[   15.238805] cloud-init[933]: Generating public/private ecdsa key pair.
[   15.257319] cloud-init[933]: Your identification has been saved in /etc/ssh/ssh_host_ecdsa_key.
[   15.301608] cloud-init[933]: Your public key has been saved in /etc/ssh/ssh_host_ecdsa_key.pub.
[   15.308285] [cloud-init[0;32m  OK  [0m[933]: ] The key fingerprint is:Started LSB: MD monitoring daemon.

[   15.308886] cloud-init[933]: SHA256:fTIBOnVk16pKIGo+DMWObjW+PU++RWQLab8FATzFyNc root@ubuntu-xenial
[   15.313442] cloud-init[933]: The key's randomart image is:
[   15.316100] cloud-init[933]: +---[ECDSA 256]---+
[   15.330256] [cloud-init[0;32m  OK  [0m[933]: ] |      o.B+= ..   |Started LSB: Record successful boot for GRUB.

[   15.330883] cloud-init[933]: |       B.*.E  .  |
[   15.332317] cloud-init[[933]: [0;32m  OK  [0m| .    o+o+.  .   |] 
Started Virtualbox guest utils.
[   15.332674] cloud-init[933]: |  o . o.=.o..    |
[   15.362153] [cloud-init[0;32m  OK  [0m[933]: ] | + . . .S++o.    |Started Login Service.

[   15.362463] cloud-init[933]: |o +o    o ++     |
[   15.364718] cloud-init[933]: |.=o .  o +       |
[   15.365771] cloud-init[933]: | o+...o o        |
[   15.366796] cloud-init[933]: |.  o..o+.        |
[   15.367842] cloud-init[933]: +----[SHA256]-----+
[   15.368897] cloud-init[933]: Generating public/private ed25519 key pair.
[   15.370171] cloud-init[933]: Your identification has been saved in /etc/ssh/ssh_host_ed25519_key.
[   15.371701] cloud-init[933]: Your public key has been saved in /etc/ssh/ssh_host_ed25519_key.pub.
[   15.381698] cloud-init[933]: The key fingerprint is:
[   15.402265]          cloud-initStarting Authenticate and Authorize Users to Run Privileged Tasks...[933]: 
SHA256:/vdW6VNoCcb0ZZWKcyPF4jhpmlSDwmc5j+mxoY95AmU root@ubuntu-xenial
[   15.414903]          cloud-initStarting Wait until snapd is fully seeded...[933]: 
The key's randomart image is:
[[   15.416589] [0;32m  OK  [0mcloud-init] [933]: Reached target Remote File Systems (Pre).+--[ED25519 256]--+

[   15.416979] cloud-init[[0;32m  OK  [0m] Reached target Remote File Systems.
[933]: |    .   o   .   +|
[   15.438638]          cloud-initStarting LSB: daemon to balance interrupts for SMP systems...[933]: 
|     o * o ..o .o|
         Starting LSB: automatic crash report generation...
[   15.440571] cloud-init[933]: |      + * =o+..o |
[   15.442236] cloud-init[933]: |     E * * =++.  |
[   15.443206]          cloud-initStarting Permit User Sessions...[933]: |    o + S ..+..o.|

[   15.444688] cloud-init[933]: |   . . *      +.o|
[   15.445610] cloud-init[933]: |    . + .    ....|
[   15.447008]          cloud-initStarting LSB: Set the CPU Frequency Scaling governor to "ondemand"...[933]: 
|     + o .  . .o |
[   15.454152] [cloud-init[0;32m  OK  [0m[933]: ] |      o   .. o. .|Started Pollinate to seed the pseudo random number generator.

[   15.454399] cloud-init[933]: +----[SHA256]-----+
[[0;32m  OK  [0m] Started Permit User Sessions.
[[0;32m  OK  [0m] Started Authenticate and Authorize Users to Run Privileged Tasks.
[[0;32m  OK  [0m] Started Accounts Service.
         Starting Terminate Plymouth Boot Screen...
         Starting Hold until boot process finishes up...
         Starting OpenBSD Secure Shell server...
[[0;32m  OK  [0m] Started LSB: daemon to balance interrupts for SMP systems.
[[0;32m  OK  [0m] Started LSB: automatic crash report generation.
[[0;32m  OK  [0m] Started LSB: Set the CPU Frequency Scaling governor to "ondemand".
[[0;32m  OK  [0m] Started Terminate Plymouth Boot Screen.
[[0;32m  OK  [0m] Started Hold until boot process finishes up.
[[0;32m  OK  [0m] Started OpenBSD Secure Shell server.
[[0;32m  OK  [0m] Started Serial Getty on ttyS0.
[[0;32m  OK  [0m] Started Getty on tty1.
[[0;32m  OK  [0m] Reached target Login Prompts.
         Starting Set console scheme...
[[0;32m  OK  [0m] Started Set console scheme.
[[0;32m  OK  [0m] Started Wait until snapd is fully seeded.
         Starting Apply the settings specified in cloud-config...
[[0;32m  OK  [0m] Reached target Multi-User System.
[[0;32m  OK  [0m] Reached target Graphical Interface.
         Starting Update UTMP about System Runlevel Changes...
[[0;32m  OK  [0m] Started Update UTMP about System Runlevel Changes.
[   16.779866] cloud-init[1258]: Generating locales (this might take a while)...
[   17.416387] cloud-init[1258]:   en_US.UTF-8... done
[   17.460353] cloud-init[1258]: Generation complete.
[   17.657409] cloud-init[1258]: Cloud-init v. 18.4-0ubuntu1~16.04.2 running 'modules:config' at Tue, 07 May 2019 09:59:15 +0000. Up 16.69 seconds.
[[0;32m  OK  [0m] Created slice User Slice of vagrant.
         Starting User Manager for UID 1000...
[[0;32m  OK  [0m] Started Session 1 of user vagrant.
[[0;32m  OK  [0m] Started Apply the settings specified in cloud-config.
         Starting Execute cloud user/final scripts...
[[0;32m  OK  [0m] Started User Manager for UID 1000.
ci-info: no authorized ssh keys fingerprints found for user ubuntu.
<14>May  7 09:59:16 ec2: 
<14>May  7 09:59:16 ec2: #############################################################
<14>May  7 09:59:16 ec2: -----BEGIN SSH HOST KEY FINGERPRINTS-----
<14>May  7 09:59:16 ec2: 1024 SHA256:ZQtNyWhnj0nd9ns6TfaQ9miQbzCsB8raQgr0L+577Ls root@ubuntu-xenial (DSA)
<14>May  7 09:59:16 ec2: 256 SHA256:fTIBOnVk16pKIGo+DMWObjW+PU++RWQLab8FATzFyNc root@ubuntu-xenial (ECDSA)
<14>May  7 09:59:16 ec2: 256 SHA256:/vdW6VNoCcb0ZZWKcyPF4jhpmlSDwmc5j+mxoY95AmU root@ubuntu-xenial (ED25519)
<14>May  7 09:59:16 ec2: 2048 SHA256:OfmjEW478BxXTvBiLLnRiFmBuLkhSuo5rC0vMP7Sbqg root@ubuntu-xenial (RSA)
<14>May  7 09:59:16 ec2: -----END SSH HOST KEY FINGERPRINTS-----
<14>May  7 09:59:16 ec2: #############################################################
-----BEGIN SSH HOST KEY KEYS-----
ecdsa-sha2-nistp256 AAAAE2VjZHNhLXNoYTItbmlzdHAyNTYAAAAIbmlzdHAyNTYAAABBBCKtA5UBTorWvDerhISYXkeJRXYtqxJ7zXy6C+4sN2BmKpHhqXZbDQw3oBCQlSyqxjGqh4C0GRxUBjuQlw0JSs0= root@ubuntu-xenial
ssh-ed25519 AAAAC3NzaC1lZDI1NTE5AAAAIEcipHPHIp9zNLLeoU/F98LjAr/MSdLyVIQieCWhCxiA root@ubuntu-xenial
ssh-rsa AAAAB3NzaC1yc2EAAAADAQABAAABAQCwOoazTisVhpdYgq2UmdNSvc3MpMPAR2GYV38jBCBZCyi3LkA2EFhv6KQZY1jVVcFyzPXP4kNuw5c81a4He29zJciufPVn2T9KkaZky56dKYxmVczz64bvlyNIXJE/usyqe0D5z0aPrMfioYYTWjdsCTj52Sc3KA2USQpGUqi5RARpwFiOD33enbBDK8Ll/pxmzsINGtQ91uzsr9eI/KEC1HvooTflGGj4sHYDrMomXeRO+1GzoeENWR92AsLvfvgme3RvoLF+YIQ4IvwFyPKL59xBai9q6JAmaxIgR41mzUzSc+1V8Eijg+Gl2dr40X7TlSRHUC3mdduV6PocItDd root@ubuntu-xenial
-----END SSH HOST KEY KEYS-----
[   18.132171] cloud-init[1309]: Cloud-init v. 18.4-0ubuntu1~16.04.2 running 'modules:final' at Tue, 07 May 2019 09:59:16 +0000. Up 17.96 seconds.
[   18.137203] cloud-init[1309]: ci-info: no authorized ssh keys fingerprints found for user ubuntu.
[   18.145813] cloud-init[1309]: Cloud-init v. 18.4-0ubuntu1~16.04.2 finished at Tue, 07 May 2019 09:59:16 +0000. Datasource DataSourceNoCloud [seed=/dev/sdb][dsmode=net]         Stopping User Manager for UID 1000...
[  OK  ] Closed Load/Save RF Kill Switch Status /dev/rfkill Watch.
         Stopping ACPI event daemon...
[  OK  ] Stopped target Timers.
[  OK  ] Stopped Daily Cleanup of Temporary Directories.
         Stopping Authenticate and Authorize Users to Run Privileged Tasks...
         Stopping Session 17 of user vagrant.
[  OK  ] Stopped target Graphical Interface.
         Stopping Accounts Service...
[  OK          Stopping Serial Getty on ttyS0...
[  OK  ] Stopped Daily apt upgrade and clean activities.
[  OK  ] Stopped Daily apt download activities.
[  OK  ] Stopped target System Time Synchronized.
[  OK  ] Unmounted /var/lib/lxcfs.
[  OK  ] Stopped ACPI event daemon.
[  OK  ] Stopped Regular background program processing daemon.
[  OK  ] Stopped Accounts Service.
[  OK  ] Stopped Deferred execution scheduler.
[  OK  ] Stopped Getty on tty1.
[  OK  ] Stopped Serial Getty on ttyS0.
[  OK  ] Stopped OpenBSD Secure Shell server.
[  OK  ] Stopped System Logging Service.
[  OK  ] Stopped Authenticate and Authorize Users to Run Privileged Tasks.
[  OK  ] Stopped User Manager for UID 1000.
[  OK  ] Stopped Session 17 of user vagrant.
[  OK  ] Stopped D-Bus System Message Bus.
[  OK  ] Stopped FUSE filesystem for LXC.
[  OK  ] Stopped LSB: MD monitoring daemon.
[  OK  ] Stopped LXD - container startup/shutdown.
[  OK  ] Stopped LSB: Set the CPU Frequency Scaling governor to "ondemand".
[  OK  ] Stopped LSB: Record successful boot for GRUB.
[  OK  ] Stopped LSB: automatic crash report generation.
[  OK  ] Stopped LSB: daemon to balance interrupts for SMP systems.
[  OK  ] Stopped Virtualbox guest utils.
[  OK  ] Removed slice User Slice of vagrant.
         Stopping Login Service...
[  OK  ] Removed slice system-serial\x2dgetty.slice.
         Stopping Permit User Sessions...
[  OK  ] Removed slice system-getty.slice.
[  OK  ] Stopped /etc/rc.local Compatibility.
[  OK  ] Stopped Login Service.
[  OK  ] Stopped Permit User Sessions.
[  OK  ] Stopped target User and Group Name Lookups.
[  OK  ] Stopped LSB: start Samba daemons for the AD DC.
[  OK  ] Stopped target Basic System.
[  OK  ] Stopped target Paths.
[  OK  ] Stopped Forward Password Requests to Wall Directory Watch.
[  OK  ] Stopped Dispatch Password Requests to Console Directory Watch.
[  OK  ] Stopped ACPI Events Check.
[  OK  ] Stopped target Slices.
[  OK  ] Removed slice User and Session Slice.
[  OK  ] Stopped target Sockets.
[  OK  ] Closed D-Bus System Message Bus Socket.
[  OK  ] Closed Syslog Socket.
[  OK  ] Closed LXD - unix socket.
[  OK  ] Closed ACPID Listen Socket.
[  OK  ] Closed UUID daemon activation socket.
[  OK  ] Closed Socket activation for snappy daemon.
[  OK  ] Stopped target Remote File Systems.
[  OK  ] Stopped target Remote File Systems (Pre).
         Stopping Login to default iSCSI targets...
[  OK  ] Stopped target System Initialization.
[  OK  ] Stopped target Encrypted Volumes.
         Stopping Load/Save Random Seed...
[  OK  ] Stopped Create Volatile Files and Directories.
[  OK  ] Stopped Commit a transient machine-id on disk.
[  OK  ] Stopped target Swap.
[  OK  ] Stopped Load/Save Random Seed.
[  OK  ] Stopped Login to default iSCSI targets.
         Stopping iSCSI initiator daemon (iscsid)...
[  OK  ] Stopped iSCSI initiator daemon (iscsid).
[  OK  ] Stopped target Network is Online.
[  OK  ] Stopped Initial cloud-init job (metadata service crawler).
[  OK  ] Stopped target Network.
         Stopping Raise network interfaces...
[  OK  ] Stopped Raise network interfaces.
[  OK  ] Stopped Apply Kernel Variables.
[  OK  ] Stopped target Local File Systems.
         Unmounting /run/user/1000...
         Unmounting /vagrant...
[  OK  ] Stopped Load Kernel Modules.
[  OK  ] Stopped target Network (Pre).
[  OK  ] Stopped Initial cloud-init job (pre-networking).
[  OK  ] Unmounted /run/user/1000.
[  OK  ] Unmounted /vagrant.
[  OK  ] Reached target Unmount All Filesystems.
[  OK  ] Stopped target Local File Systems (Pre).
[  OK  ] Stopped Remount Root and Kernel File Systems.
         Stopping Monitoring of LVM2 mirrors... dmeventd or progress polling...
[  OK  ] Stopped Create Static Device Nodes in /dev.
[  OK  ] Reached target Shutdown.
[12643.465254] reboot: Power down
