[   00000000]]IIiiiaiizing cgroup subsys cpuset
[    0.000000] Initializing cgroup sussys cpu
[    0.000000] Initializing cgroup subsys cpuacct
[    0.000000] Linux version 4.4.0-142-generic (buildd@lgw01-amd64-033) (gcc version 5.4.0 20160609 (Ubuntu 5.4.0-6ubuntu1~16.04.10) ) #168-Ubuntu SMP Wed Jan 16 21:00:45 UTC 2019 (Ubuntu 4.4.0-142.168-generic 4.4.167)
[    0.000000] Command line: BOOT_IMAGE=/boot/vmlinuz-4.4.0-142-generic root=LABEL=cloudimg-rootfs ro console=tty1 console=ttyS0
[    0.000000] KERNEL supported cpus:
[    0.000000]   Intel GenuineIntel
[    0.000000]   AMD AuthenticAMD
[    0.000000]   Centaur CentaurHauls
[    0.000000] x86/fpu: xstate_offset[2]:  576, xstate_sizes[2]:  256
[    0.000000] x86/fpu: Supporting XSAVE feature 0x01: 'x87 floating point registers'
[    0.000000] x86/fpu: Supporting XSAVE feature 0x02: 'SSE registers'
[    0.000000] x86/fpu: Supporting XSAVE feature 0x04: 'AVX registers'
[    0.000000] x86/fpu: Enabled xstate features 0x7, context size is 832 bytes, using 'standard' format.
[    0.000000] e820: BIOS-provided physical RAM map:
[    0.000000] BIOS-e820: [mem 0x0000000000000000-0x000000000009fbff] usable
[    0.000000] BIOS-e820: [mem 0x000000000009fc00-0x000000000009ffff] reserved
[    0.000000] BIOS-e820: [mem 0x00000000000f0000-0x00000000000fffff] reserved
[    0.000000] BIOS-e820: [mem 0x0000000000100000-0x000000003ffeffff] usable
[    0.000000] BIOS-e820: [mem 0x000000003fff0000-0x000000003fffffff] ACPI data
[    0.000000] BIOS-e820: [mem 0x00000000fec00000-0x00000000fec00fff] reserved
[    0.000000] BIOS-e820: [mem 0x00000000fee00000-0x00000000fee00fff] reserved
[    0.000000] BIOS-e820: [mem 0x00000000fffc0000-0x00000000ffffffff] reserved
[    0.000000] NX (Execute Disable) protection: active
[    0.000000] SMBIOS 2.5 present.
[    0.000000] Hypervisor detected: KVM
[    0.000000] e820: last_pfn = 0x3fff0 max_arch_pfn = 0x400000000
[    0.000000] MTRR: Disabled
[    0.000000] x86/PAT: MTRRs disabled, skipping PAT initialization too.
[    0.000000] CPU MTRRs all blank - virtualized system.
[    0.000000] x86/PAT: Configuration [0-7]: WB  WT  UC- UC  WB  WT  UC- UC  
[    0.000000] found SMP MP-table at [mem 0x0009fff0-0x0009ffff] mapped at [ffff88000009fff0]
[    0.000000] Scanning 1 areas for low memory corruption
[    0.000000] RAMDISK: [mem 0x3630a000-0x3717cfff]
[    0.000000] ACPI: Early table checksum verification disabled
[    0.000000] ACPI: RSDP 0x00000000000E0000 000024 (v02 VBOX  )
[    0.000000] ACPI: XSDT 0x000000003FFF0030 00003C (v01 VBOX   VBOXXSDT 00000001 ASL  00000061)
[    0.000000] ACPI: FACP 0x000000003FFF00F0 0000F4 (v04 VBOX   VBOXFACP 00000001 ASL  00000061)
[    0.000000] ACPI: DSDT 0x000000003FFF0470 0021FF (v02 VBOX   VBOXBIOS 00000002 INTL 20180105)
[    0.000000] ACPI: FACS 0x000000003FFF0200 000040
[    0.000000] ACPI: FACS 0x000000003FFF0200 000040
[    0.000000] ACPI: APIC 0x000000003FFF0240 000054 (v02 VBOX   VBOXAPIC 00000001 ASL  00000061)
[    0.000000] ACPI: SSDT 0x000000003FFF02A0 0001CC (v01 VBOX   VBOXCPUT 00000002 INTL 20180105)
[    0.000000] No NUMA configuration found
[    0.000000] Faking a node at [mem 0x0000000000000000-0x000000003ffeffff]
[    0.000000] NODE_DATA(0) allocated [mem 0x3ffeb000-0x3ffeffff]
[    0.000000] kvm-clock: Using msrs 4b564d01 and 4b564d00
[    0.000000] kvm-clock: cpu 0, msr 0:3ffe3001, primary cpu clock
[    0.000000] kvm-clock: using sched offset of 3181278038 cycles
[    0.000000] clocksource: kvm-clock: mask: 0xffffffffffffffff max_cycles: 0x1cd42e4dffb, max_idle_ns: 881590591483 ns
[    0.000000] Zone ranges:
[    0.000000]   DMA      [mem 0x0000000000001000-0x0000000000ffffff]
[    0.000000]   DMA32    [mem 0x0000000001000000-0x000000003ffeffff]
[    0.000000]   Normal   empty
[    0.000000]   Device   empty
[    0.000000] Movable zone start for each node
[    0.000000] Early memory node ranges
[    0.000000]   node   0: [mem 0x0000000000001000-0x000000000009efff]
[    0.000000]   node   0: [mem 0x0000000000100000-0x000000003ffeffff]
[    0.000000] Initmem setup node 0 [mem 0x0000000000001000-0x000000003ffeffff]
[    0.000000] ACPI: PM-Timer IO Port: 0x4008
[    0.000000] IOAPIC[0]: apic_id 1, version 32, address 0xfec00000, GSI 0-23
[    0.000000] ACPI: INT_SRC_OVR (bus 0 bus_irq 0 global_irq 2 dfl dfl)
[    0.000000] ACPI: INT_SRC_OVR (bus 0 bus_irq 9 global_irq 9 low level)
[    0.000000] Using ACPI (MADT) for SMP configuration information
[    0.000000] smpboot: Allowing 1 CPUs, 0 hotplug CPUs
[    0.000000] PM: Registered nosave memory: [mem 0x00000000-0x00000fff]
[    0.000000] PM: Registered nosave memory: [mem 0x0009f000-0x0009ffff]
[    0.000000] PM: Registered nosave memory: [mem 0x000a0000-0x000effff]
[    0.000000] PM: Registered nosave memory: [mem 0x000f0000-0x000fffff]
[    0.000000] e820: [mem 0x40000000-0xfebfffff] available for PCI devices
[    0.000000] Booting paravirtualized kernel on KVM
[    0.000000] clocksource: refined-jiffies: mask: 0xffffffff max_cycles: 0xffffffff, max_idle_ns: 7645519600211568 ns
[    0.000000] setup_percpu: NR_CPUS:512 nr_cpumask_bits:512 nr_cpu_ids:1 nr_node_ids:1
[    0.000000] PERCPU: Embedded 34 pages/cpu @ffff88003fc00000 s99480 r8192 d31592 u2097152
[    0.000000] Built 1 zonelists in Node order, mobility grouping on.  Total pages: 257912
[    0.000000] Policy zone: DMA32
[    0.000000] Kernel command line: BOOT_IMAGE=/boot/vmlinuz-4.4.0-142-generic root=LABEL=cloudimg-rootfs ro console=tty1 console=ttyS0
[    0.000000] PID hash table entries: 4096 (order: 3, 32768 bytes)
[    0.000000] Memory: 997872K/1048120K available (8603K kernel code, 1332K rwdata, 4004K rodata, 1484K init, 1316K bss, 50248K reserved, 0K cma-reserved)
[    0.000000] SLUB: HWalign=64, Order=0-3, MinObjects=0, CPUs=1, Nodes=1
[    0.000000] Kernel/User page tables isolation: enabled
[    0.000000] Hierarchical RCU implementation.
[    0.000000] 	Build-time adjustment of leaf fanout to 64.
[    0.000000] 	RCU restricting CPUs from NR_CPUS=512 to nr_cpu_ids=1.
[    0.000000] RCU: Adjusting geometry for rcu_fanout_leaf=64, nr_cpu_ids=1
[    0.000000] NR_IRQS:33024 nr_irqs:256 16
[    0.000000] Console: colour VGA+ 80x25
[    0.000000] console [tty1] enabled
[    0.000000] console [ttyS0] enabled
[    0.000000] tsc: Detected 1991.999 MHz processor
[    0.293284] Calibrating delay loop (skipped) preset value.. 3983.99 BogoMIPS (lpj=7967996)
[    0.294900] pid_max: default: 32768 minimum: 301
[    0.295922] ACPI: Core revision 20150930
[    0.298055] ACPI: 2 ACPI AML tables successfully acquired and loaded
[    0.299004] Security Framework initialized
[    0.299602] Yama: becoming mindful.
[    0.300275] AppArmor: AppArmor initialized
[    0.311642] Dentry cache hash table entries: 131072 (order: 8, 1048576 bytes)
[    0.313001] Inode-cache hash table entries: 65536 (order: 7, 524288 bytes)
[    0.313880] Mount-cache hash table entries: 2048 (order: 2, 16384 bytes)
[    0.314834] Mountpoint-cache hash table entries: 2048 (order: 2, 16384 bytes)
[    0.315899] Initializing cgroup subsys io
[    0.316556] Initializing cgroup subsys memory
[    0.317398] Initializing cgroup subsys devices
[    0.317999] Initializing cgroup subsys freezer
[    0.318670] Initializing cgroup subsys net_cls
[    0.319267] Initializing cgroup subsys perf_event
[    0.319888] Initializing cgroup subsys net_prio
[    0.320493] Initializing cgroup subsys hugetlb
[    0.321145] Initializing cgroup subsys pids
[    0.322902] mce: CPU supports 0 MCE banks
[    0.323486] process: using mwait in idle threads
[    0.324176] Last level iTLB entries: 4KB 64, 2MB 8, 4MB 8
[    0.324859] Last level dTLB entries: 4KB 64, 2MB 0, 4MB 0, 1GB 4
[    0.325659] Spectre V2 : Mitigation: Full generic retpoline

[   0.5520] ppctre V   Secrr v   SpectrRSB miigation: Filling RSB on context switch
[   0059221] Speculative Store Bypass: Vulnerable
[   00.66211] rreeing SMP alternatives memory: 32K
[    0.736071] ftrace: allocating 32277 entries in 127 pages
[    0.784468] smpboot: APIC(0) Converting physical 0 to logical package 0
[    0.855229] smpboot: Max logical packages: 1
[    0.856553] x2apic enabled
[    0.857383] Switched APIC routing to physical x2apic.
[    0.859294] ..TIMER: vector=0x30 apic1=0 pin1=2 apic2=-1 pin2=-1
[    0.965310] smpboot: CPU0: Intel(R) Core(TM) i7-8550U CPU @ 1.80GHz (family: 0x6, model: 0x8e, stepping: 0xa)
[    1.072205] Performance Events: unsupported p6 CPU model 142 no PMU driver, software events only.
[    1.082109] KVM setup paravirtual spinlock
[    1.092104] x86: Booted up 1 node, 1 CPUs
[    1.092668] smpboot: Total of 1 processors activated (3983.99 BogoMIPS)
[    1.093807] devtmpfs: initialized
[    1.096267] evm: security.selinux
[    1.096776] evm: security.SMACK64
[    1.097292] evm: security.SMACK64EXEC
[    1.097944] evm: security.SMACK64TRANSMUTE
[    1.098627] evm: security.SMACK64MMAP
[    1.099218] evm: security.ima
[    1.099738] evm: security.capability
[    1.100512] clocksource: jiffies: mask: 0xffffffff max_cycles: 0xffffffff, max_idle_ns: 7645041785100000 ns
[    1.102118] futex hash table entries: 256 (order: 2, 16384 bytes)
[    1.103148] pinctrl core: initialized pinctrl subsystem
[    1.104097] RTC time: 14:14:00, date: 04/29/19
[    1.105009] NET: Registered protocol family 16
[    1.105815] cpuidle: using governor ladder
[    1.106506] cpuidle: using governor menu
[    1.107122] PCCT header not found.
[    1.107727] ACPI: bus type PCI registered
[    1.108351] acpiphp: ACPI Hot Plug PCI Controller Driver version: 0.5
[    1.109317] PCI: Using configuration type 1 for base access
[    1.111212] ACPI: Added _OSI(Module Device)
[    1.111846] ACPI: Added _OSI(Processor Device)
[    1.112619] ACPI: Added _OSI(3.0 _SCP Extensions)
[    1.113376] ACPI: Added _OSI(Processor Aggregator Device)
[    1.114685] ACPI: Executed 1 blocks of module-level executable AML code
[    1.117859] ACPI: Interpreter enabled
[    1.131508] ACPI: (supports S0 S5)
[    1.132078] ACPI: Using IOAPIC for interrupt routing
[    1.132848] PCI: Using host bridge windows from ACPI; if necessary, use "pci=nocrs" and report a bug
[    1.137291] ACPI: PCI Root Bridge [PCI0] (domain 0000 [bus 00-ff])
[    1.138199] acpi PNP0A03:00: _OSC: OS supports [ASPM ClockPM Segments MSI]
[    1.139089] acpi PNP0A03:00: _OSC: not requesting OS control; OS requires [ExtendedConfig ASPM ClockPM MSI]
[    1.140454] acpi PNP0A03:00: fail to add MMCONFIG information, can't access extended PCI configuration space under this bridge.
[    1.142341] PCI host bridge to bus 0000:00
[    1.143042] pci_bus 0000:00: root bus resource [io  0x0000-0x0cf7 window]
[    1.144227] pci_bus 0000:00: root bus resource [io  0x0d00-0xffff window]
[    1.145148] pci_bus 0000:00: root bus resource [mem 0x000a0000-0x000bffff window]
[    1.146278] pci_bus 0000:00: root bus resource [mem 0x40000000-0xfdffffff window]
[    1.147391] pci_bus 0000:00: root bus resource [bus 00-ff]
[    1.149450] pci 0000:00:01.1: legacy IDE quirk: reg 0x10: [io  0x01f0-0x01f7]
[    1.150680] pci 0000:00:01.1: legacy IDE quirk: reg 0x14: [io  0x03f6]
[    1.151779] pci 0000:00:01.1: legacy IDE quirk: reg 0x18: [io  0x0170-0x0177]
[    1.153092] pci 0000:00:01.1: legacy IDE quirk: reg 0x1c: [io  0x0376]
[    1.164882] pci 0000:00:07.0: quirk: [io  0x4000-0x403f] claimed by PIIX4 ACPI
[    1.166161] pci 0000:00:07.0: quirk: [io  0x4100-0x410f] claimed by PIIX4 SMB
[    1.251314] ACPI: PCI Interrupt Link [LNKA] (IRQs 5 9 10 *11)
[    1.265639] ACPI: PCI Interrupt Link [LNKB] (IRQs 5 9 *10 11)
[    1.267355] ACPI: PCI Interrupt Link [LNKC] (IRQs 5 *9 10 11)
[    1.269001] ACPI: PCI Interrupt Link [LNKD] (IRQs 5 9 10 *11)
[    1.288765] ACPI: Enabled 2 GPEs in block 00 to 07
[    1.289781] vgaarb: setting as boot device: PCI:0000:00:02.0
[    1.290686] vgaarb: device added: PCI:0000:00:02.0,decodes=io+mem,owns=io+mem,locks=none
[    1.291999] vgaarb: loaded
[    1.292517] vgaarb: bridge control possible 0000:00:02.0
[    1.293557] SCSI subsystem initialized
[    1.294604] ACPI: bus type USB registered
[    1.295394] usbcore: registered new interface driver usbfs
[    1.296334] usbcore: registered new interface driver hub
[    1.297162] usbcore: registered new device driver usb
[    1.298095] PCI: Using ACPI for IRQ routing
[    1.299054] NetLabel: Initializing
[    1.299676] NetLabel:  domain hash size = 128
[    1.416928] NetLabel:  protocols = UNLABELED CIPSOv4
[    1.441769] NetLabel:  unlabeled traffic allowed by default
[    1.442855] amd_nb: Cannot enumerate AMD northbridges
[    1.443801] clocksource: Switched to clocksource kvm-clock
[    1.449576] AppArmor: AppArmor Filesystem Enabled
[    1.471801] pnp: PnP ACPI init
[    1.473793] pnp: PnP ACPI: found 3 devices
[    1.480583] clocksource: acpi_pm: mask: 0xffffff max_cycles: 0xffffff, max_idle_ns: 2085701024 ns
[    1.482190] NET: Registered protocol family 2
[    1.483172] TCP established hash table entries: 8192 (order: 4, 65536 bytes)
[    1.484522] TCP bind hash table entries: 8192 (order: 5, 131072 bytes)
[    1.485611] TCP: Hash tables configured (established 8192 bind 8192)
[    1.486626] UDP hash table entries: 512 (order: 2, 16384 bytes)
[    1.487533] UDP-iiee hash table entries: 512 (order: 2, 16384 bytes)
[    1.611066] NET: Registered protocol family 1
[    1.611907] pci 0000:00:00.0: Limiting direct PCI/PCI transfers
[    1.612972] pci 0000:00:01.0: Activating ISA DMA hang workarounds
[    1.614217] Unpacking initramfs...
[    1.796559] Freeing initrd memory: 14796K
[    1.831745] platform rtc_cmos: registered platform RTC device (no PNP device found)
[    1.833287] Scanning for low memory corruption every 60 seconds
[    1.834787] audit: initializing netlink subsys (disabled)
[    1.835638] audit: type=2000 audit(1556547244.614:1): initialized
[    1.836767] Initialise system trusted keyring
[    1.837551] HugeTLB registered 2 MB page size, pre-allocated 0 pages
[    1.840026] zbud: loaded
[    1.840848] VFS: Disk quotas dquot_6.6.0
[    1.841564] VFS: Dquot-cache hash table entries: 512 (order 0, 4096 bytes)
[    1.842874] squashfs: version 4.0 (2009/01/31) Phillip Lougher
[    1.843942] fuse init (API version 7.23)
[    1.844741] Key type big_key registered
[    1.845512] Allocating IMA MOK and blacklist keyrings.
[    1.846618] Key type asymmetric registered
[    1.847372] Asymmetric key parser 'x509' registered
[    1.848258] Block layer SCSI generic (bsg) driver version 0.4 loaded (major 249)
[    1.849649] io scheduler noop registered
[    1.850507] io scheduler deadline registered (default)
[    1.851387] io scheduler cfq registered
[    1.852139] pci_hotplug: PCI Hot Plug PCI Core version: 0.5
[    1.853031] pciehp: PCI Express Hot Plug Controller Driver version: 0.4
[    1.854172] ACPI: AC Adapter [AC] (on-line)
[    1.854953] input: Power Button as /devices/LNXSYSTM:00/LNXPWRBN:00/input/input0
[    1.856291] ACPI: Power Button [PWRF]
[    1.857073] input: Sleep Button as /devices/LNXSYSTM:00/LNXSLPBN:00/input/input1
[    1.858465] ACPI: Sleep Button [SLPF]
[    1.859229] GHES: HEST is not enabled!
[    1.859960] Serial: 8250/16550 driver, 32 ports, IRQ sharing enabled
[    1.882738] 00:02: ttyS0 at I/O 0x3f8 (irq = 4, base_baud = 115200) is a 16550A
[    1.913018] Linux agpgart interface v0.103
[    1.914806] loop: module loaded
[    1.915804] scsi host0: ata_piix
[    1.916550] scsi host1: ata_piix
[    1.917274] ata1: PATA max UDMA/33 cmd 0x1f0 ctl 0x3f6 bmdma 0xd000 irq 14
[    1.918406] ata2: PATA max UDMA/33 cmd 0x170 ctl 0x376 bmdma 0xd008 irq 15
[    1.919829] libphy: Fixed MDIO Bus: probed
[    1.920602] tun: Universal TUN/TAP device driver, 1.6
[    1.921468] tun: (C) 1999-2004 Max Krasnyansky <maxk@qualcomm.com>
[    1.922719] PPP generic driver version 2.4.2
[    1.923571] ehci_hcd: USB 2.0 'Enhanced' Host Controller (EHCI) Driver
[    1.924698] ehci-pci: EHCI PCI platform driver
[    1.925521] ehci-platform: EHCI generic platform driver
[    1.926427] ohci_hcd: USB 1.1 'Open' Host Controller (OHCI) Driver
[    1.927435] ohci-pci: OHCI PCI platform driver
[    1.928248] ohci-platform: OHCI generic platform driver
[    1.929204] uhci_hcd: USB Universal Host Controller Interface driver
[    1.930225] i8042: PNP: PS/2 Controller [PNP0303:PS2K,PNP0f03:PS2M] at 0x60,0x64 irq 1,12
[    1.932193] serio: i8042 KBD port at 0x60,0x64 irq 1
[    1.933124] serio: i8042 AUX port at 0x60,0x64 irq 12
[    1.934363] mousedev: PS/2 mouse device common for all mice
[    1.935614] input: AT Translated Set 2 keyboard as /devices/platform/i8042/serio0/input/input2
[    1.937871] rtc_cmos rtc_cmos: rtc core: registered rtc_cmos as rtc0
[    1.939025] rtc_cmos rtc_cmos: alarms up to one day, 114 bytes nvram
[    1.940300] i2c /dev entries driver
[    1.941102] device-mapper: uevent: version 1.0.3
[    1.942004] device-mapper: ioctl: 4.34.0-ioctl (2015-10-28) initialised: dm-devel@redhat.com
[    1.943627] ledtrig-cpu: registered to indicate activity on CPUs
[    1.944956] NET: Registered protocol family 10
[    1.945847] NET: Registered protocol family 17
[    1.946722] Key type dns_resolver registered
[    1.947623] registered taskstats version 1
[    1.948372] Loading compiled-in X.509 certificates
[    1.950030] Loaded X.509 cert 'Build time autogenerated kernel key: bff73e56bc0efa7435b2a24f5427674623f1be80'
[    1.972427] zswap: loaded using pool lzo/zbud
[    1.974644] Key type trusted registered
[    1.977567] Key type encrypted registered
[    1.978380] AppArmor: AppArmor sha1 policy hashing enabled
[    1.979351] ima: No TPM chip found, activating TPM-bypass!
[    1.980297] ima: Allocated hash algorithm: sha1
[    1.981108] evm: HMAC attrs: 0x1
[    1.982156]   Magic number: 15:818:233
[    1.983077] rtc_cmos rtc_cmos: setting system clock to 2019-04-29 14:14:01 UTC (1556547241)
[    1.984972] BIOS EDD facility v0.16 2004-Jun-25, 0 devices found
[    1.985955] EDD information not available.
[    2.079048] Freeing unused kernel memory: 1484K
[    2.161511] Write protecting the kernel read-only data: 14336k
[    2.162732] Freeing unused kernel memory: 1624K
[    2.163542] Freeing unused kernel memory: 92K
Loading, please wait...
starting version[    2.174547] random: udevadm: uninitialized urandom read (16 bytes read, 3 bits of entropy available)
 229
[    2.202608] random: systemd-udevd: uninitialized urandom read (16 bytes read, 3 bits of entropy available)
[    2.204448] random: systemd-udevd: uninitialized urandom read (16 bytes read, 3 bits of entropy available)
[    2.206183] random: systemd-udevd: uninitialized urandom read (16 bytes read, 3 bits of entropy available)
[    2.207883] random: systemd-udevd: uninitialized urandom read (16 bytes read, 3 bits of entropy available)
[    2.210246] random: udevadm: uninitialized urandom read (16 bytes read, 3 bits of entropy available)
[    2.216005] random: systemd-udevd: uninitialized urandom read (16 bytes read, 3 bits of entropy available)
[    2.229187] random: udevadm: uninitialized urandom read (16 bytes read, 3 bits of entropy available)
[    2.231132] random: udevadm: uninitialized urandom read (16 bytes read, 3 bits of entropy available)
[    2.232917] random: udevadm: uninitialized urandom read (16 bytes read, 3 bits of entropy available)
[    2.290403] e1000: Intel(R) PRO/1000 Network Driver - version 7.3.21-k8-NAPI
[    2.329887] e1000: Copyright (c) 1999-2006 Intel Corporation.
[    2.356677] Fusion MPT base driver 3.04.20
[    2.357660] Copyright (c) 1999-2008 LSI Corporation
[    2.370982] Fusion MPT SPI Host driver 3.04.20
[    2.582322] input: ImExPS/2 Generic Explorer Mouse as /devices/platform/i8042/serio1/input/input4
[    2.704343] AVX2 version of gcm_enc/dec engaged.
[    2.801563] AES CTR mode by8 optimization enabled
[    2.828027] tsc: Refined TSC clocksource calibration: 1993.129 MHz
[    3.111499] clocksource: tsc: mask: 0xffffffffffffffff max_cycles: 0x3975a7a05a5, max_idle_ns: 881590798630 ns
[    3.650583] e1000 0000:00:03.0 eth0: (PCI:33MHz:32-bit) 02:47:ec:b6:72:35
[    3.711909] e1000 0000:00:03.0 eth0: Intel(R) PRO/1000 Network Connection
[    3.713423] mptbase: ioc0: Initiating bringup
[    3.776367] ioc0: LSI53C1030 A0: Capabilities={Initiator}
[    4.172588] scsi host2: ioc0: LSI53C1030 A0, FwRev=00000000h, Ports=1, MaxQ=256, IRQ=20
[    4.525374] scsi 2:0:0:0: Direct-Access     VBOX     HARDDISK         1.0  PQ: 0 ANSI: 5
[    4.642409] scsi target2:0:0: Beginning Domain Validation
[    4.644044] scsi target2:0:0: Domain Validation skipping write tests
[    4.645186] scsi target2:0:0: Ending Domain Validation
[    4.646258] scsi target2:0:0: asynchronous
[    4.647220] scsi 2:0:1:0: Direct-Access     VBOX     HARDDISK         1.0  PQ: 0 ANSI: 5
[    4.648905] scsi target2:0:1: Beginning Domain Validation
[    4.650885] scsi target2:0:1: Domain Validation skipping write tests
[    4.652046] scsi target2:0:1: Ending Domain Validation
[    4.661148] scsi target2:0:1: asynchronous
[    4.802664] sd 2:0:0:0: Attached scsi generic sg0 type 0
[    4.841956] sd 2:0:0:0: [sda] 20971520 512-byte logical blocks: (10.7 GB/10.0 GiB)
[    4.843890] sd 2:0:0:0: [sda] Write Protect is off
[    4.849060] sd 2:0:0:0: [sda] Incomplete mode parameter data
[    4.869220] sd 2:0:0:0: [sda] Assuming drive cache: write through
[    4.932105] sd 2:0:1:0: Attached scsi generic sg1 type 0
[    4.952055] sd 2:0:1:0: [sdb] 20480 512-byte logical blocks: (10.5 MB/10.0 MiB)
[    4.953705] sd 2:0:1:0: [sdb] Write Protect is off
[    5.008782]  sda: sda1
[    5.073560] sd 2:0:1:0: [sdb] Incomplete mode parameter data
[    5.141944] sd 2:0:1:0: [sdb] Assuming drive cache: write through
[    5.151559] sd 2:0:0:0: [sda] Attached SCSI disk
[    5.241272] sd 2:0:1:0: [sdb] Attached SCSI disk
[    5.279137] e1000 0000:00:08.0 eth1: (PCI:33MHz:32-bit) 08:00:27:ee:fc:92
[    5.280676] e1000 0000:00:08.0 eth1: Intel(R) PRO/1000 Network Connection
[    5.282960] e1000 0000:00:08.0 enp0s8: renamed from eth1
[    5.362701] e1000 0000:00:03.0 enp0s3: renamed from eth0
Begin: Loading essential drivers ... [    6.640162] md: linear personality registered for level -1
[    6.643176] md: multipath personality registered for level -4
[    6.645918] md: raid0 personality registered for level 0
[    6.650974] md: raid1 personality registered for level 1
[    6.740943] raid6: sse2x1   gen() 10957 MB/s
[    6.960932] raid6: sse2x1   xor() 10030 MB/s
[    7.100921] raid6: sse2x2   gen() 16472 MB/s
[    7.250892] raid6: sse2x2   xor() 11226 MB/s
[    7.350934] raid6: sse2x4   gen() 18816 MB/s
[    7.700909] raid6: sse2x4   xor()  9820 MB/s
[    7.780923] raid6: avx2x1   gen() 27125 MB/s
[    8.180917] raid6: avx2x2   gen() 30939 MB/s
[    8.360922] raid6: avx2x4   gen() 33887 MB/s
[    8.421810] raid6: using algorithm avx2x4 gen() 33887 MB/s
[    8.422795] raid6: using avx2x2 recovery algorithm
[    8.425468] xor: automatically using best checksumming function:
[    8.510940]    avx       : 70428.000 MB/sec
[    8.533067] async_tx: api initialized (async)
[    8.631684] md: raid6 personality registered for level 6
[    8.751698] md: raid5 personality registered for level 5
[    8.752749] md: raid4 personality registered for level 4
[    8.759684] md: raid10 personality registered for level 10
done.
Begin: Running /scripts/init-pre[    8.788179] Btrfs loaded
mount ... done.
Begin: Mounting root file system ... Begin: Running /scripts/local-top ... done.
Begin: Running /scripts/local-premount ... Scanning for Btrfs filesystems
done.
Warning: fsck not present, so skipping root file system
[    8.958622] EXT4-fs (sda1): mounted filesystem with ordered data mode. Opts: (null)
done.
Begin: Running /scripts/local-bottom ... done.
Begin: Running /scripts/init-bottom ... done.
[    9.245271] systemd[1]: systemd 229 running in system mode. (+PAM +AUDIT +SELINUX +IMA +APPARMOR +SMACK +SYSVINIT +UTMP +LIBCRYPTSETUP +GCRYPT +GNUTLS +ACL +XZ -LZ4 +SECCOMP +BLKID +ELFUTILS +KMOD -IDN)
[    9.284033] systemd[1]: Detected virtualization oracle.
[    9.284922] systemd[1]: Detected architecture x86-64.

Welcome to [1mUbuntu 16.04.5 LTS[0m!

[    9.287985] systemd[1]: Set hostname to <ubuntu>.
[    9.290093] systemd[1]: Initializing machine ID from random generator.
[    9.291160] systemd[1]: Installed transient /etc/machine-id file.
[    9.436935] systemd[1]: Crettdd slice User and Session Slice.
[[0;32m  OK  [0m] Created slice User and Session Slice.
[    9.653194] systemd[1]: Listening on Device-mapper event daemon FIFOs.
[[0;32m  OK  [0m] Listening on Device-mapper event daemon FIFOs.
[    9.655038] systemd[1]: Started Forward Password Requests to Wall Directory Watch.
[[0;32m  OK  [0m] Started Forward Password Requests to Wall Directory Watch.
[    9.657314] systemd[1]: Listening on LVM2 metadata daemon socket.
[[0;32m  OK  [0m] Listening on LVM2 metadata daemon socket.
[    9.659083] systemd[1]: Reached target Encrypted Volumes.
[[0;32m  OK  [0m] Reached target Encrypted Volumes.
[    9.660966] systemd[1]: Created slice System Slice.
[[0;32m  OK  [0m] Created slice System Slice.
[    9.662690] systemd[1]: Reached target Slices.
[[0;32m  OK  [0m] Reached target Slices.
[    9.664878] systemd[1]: Listening on Journal Socket.
[[0;32m  OK  [0m] Listening on Journal Socket.
[    9.674895] systemd[1]: Starting Create list of required static device nodes for the current kernel...
         Starting Create list of required st... nodes for the current kernel...
[    9.775727] systemd[1]: Mounting Huge Pages File System...
         Mounting Huge Pages File System...
[    9.806229] systemd[1]: Starting Nameserver information manager...
         Starting Nameserver information manager...
[    9.812410] systemd[1]: Mounting POSIX Message Queue File System...
         Mounting POSIX Message Queue File System...
[    9.853273] systemd[1]: Starting Load Kernel Modules...
         Starting Load Ke[   10.227576] Loading iSCSI transport class v2.0-870.
rnel Modules...
[   10.262457] systemd[1]: Starting Remount Root and Kernel File Systems...
         Starting Remount Root and Kernel File Systems...
[   10.264825] systemd[1]: Reached target User and Group Name Lookups.
[[0;32m  OK  [0m] Reached target User and Group Name Lookups.
[   10.268732] EXT4-fs (sda1): re-mounted. Opts: (null)
[   10.270276] systemd[1]: Reached target System Time Synchronized.
[[0;32m  OK  [0m] Reached target System Time Synchronized.
[   10.276037] systemd[1]: Listening on Journal Audit Socket.
[[0;32m  OK  [0m] Listening on Journal Audit Socket.
[   10.278761] iscsi: registered transport (tcp)
[   10.279516] systemd[1]: Listening on Journal Socket (/dev/log).
[[0;32m  OK  [0m] Listening on Journal Socket (/dev/log).
[   10.281444] systemd[1]: Listening on LVM2 poll daemon socket.
[[0;32m  OK  [0m] Listening on LVM2 poll daemon socket.
[   10.289374] systemd[1]: Created slice system-serial\x2dgetty.slice.
[[0;32m  OK  [0m[   10.290697] random: nonblocking pool is initialized
] Created slice system-serial\x2dgetty.slice.
[   10.293434] systemd[1]: Listening on Syslog Socket.
[[0;32m  OK  [0m] Listening on Syslog Socket.
[   10.295564] systemd[1]: Starting Journal Service...
         Starting Journal Service...
[   10.300804] systemd[1]: Mounting Debug File System...
         Mounting Debug File System...
[   10.307351] systemd[1]: Starting Uncomplicated firewall...
         Starting Uncomplicated firewall...
[   10.314207] systemd[1]: Listening on udev Kernel Socket.
[[0;32m  OK  [0m] Listening on udev Kernel Socket.
[   10.323941] systemd[1]: Reached target Swap.
[   10.552502] iscsi: registered transport (iser)
[[0;32m  OK  [0m] Reached target Swap.
[   10.574106] systemd[1]: Listening on /dev/initctl Compatibility Named Pipe.
[[0;32m  OK  [0m] Listening on /dev/initctl Compatibility Named Pipe.
[   10.576481] systemd[1]: Listening on udev Control Socket.
[[0;32m  OK  [0m] Listening on udev Control Socket.
[   10.578985] systemd[1]: Starting Monitoring of LVM2 mirrors, snapshots etc. using dmeventd or progress polling...
         Starting Monitoring of LVM2 mirrors... dmeventd or progress polling...
[   10.582028] systemd[1]: Set up automount Arbitrary Executable File Formats File System Automount Point.
[[0;32m  OK  [0m] Set up automount Arbitrary Executab...ats File System Automount Point.
[   10.589596] systemd[1]: Started Trigger resolvconf update for networkd DNS.
[[0;32m  OK  [0m] Started Trigger resolvconf update for networkd DNS.
[   10.594320] systemd[1]: Starting Set console keymap...
         Starting Set console keymap...
[   10.597759] systemd[1]: Mounted Huge Pages File System.
[[0;32m  OK  [0m] Mounted Huge Pages File System.
[   10.599767] systemd[1]: Mounted Debug File System.
[[0;32m  OK  [0m] Mounted Debug File System.
[   10.610935] systemd[1]: Mounted POSIX Message Queue File System.
[[0;32m  OK  [0m] Mounted POSIX Message Queue File System.
[   10.670244] systemd[1]: Started Journal Service.
[[0;32m  OK  [0m] Started Journal Service.
[[0;32m  OK  [0m] Started Create list of required sta...ce nodes for the current kernel.
[[0;32m  OK  [0m] Started Load Kernel Modules.
[[0;32m  OK  [0m] Started Remount Root and Kernel File Systems.
[[0;32m  OK  [0m] Started Uncomplicated firewall.
[[0;32m  OK  [0m] Started Set console keymap.
[[0;32m  OK  [0m] Started Nameserver information manager.
[[0;32m  OK  [0m] Started LVM2 metadata daemon.
         Starting udev Coldplug all Devices...
         Starting Load/Save Random Seed...
         Mounting FUSE Control File System...
         Starting Apply Kernel Variables...
         Starting Create Static Device Nodes in /dev...
         Starting Flush Journal to Persistent Storage...
[[0;32m  OK  [0m] Mounted FUSE Control File System.
[[0;32m  OK  [0m] Started Load/Save Random Seed.
[[0;32m  OK  [0m] Started Apply Kernel Variables.
[[0;32m  OK  [0m] Started Create Static Device Nodes in /dev.
[[0;32m  OK  [0m] Started udev Coldplug all Devices.
[[0;32m  OK  [0m] Started Flush Journal to Persistent Storage.
         Starting udev Kernel Device Manager...
[[0;32m  OK  [0m] Started udev Kernel Device Manager.
[[0;32m  OK  [0m] Started Dispatch Password Requests to Console Directory Watch.
[[0;32m  OK  [0m] Found device /dev/ttyS0.
[[0;32m  OK  [0m] Listening on Load/Save RF Kill Switch Status /dev/rfkill Watch.
[[0;32m  OK  [0m] Started Monitoring of LVM2 mirrors,...ng dmeventd or progress polling.
[[0;32m  OK  [0m] Reached target Local File Systems (Pre).
[[0;32m  OK  [0m] Reached target Local File Systems.
         Starting Create Volatile Files and Directories...
         Starting Initial cloud-init job (pre-networking)...
         Starting LSB: AppArmor initialization...
         Starting Tell Plymouth To Write Out Runtime Data...
         Starting Commit a transient machine-id on disk...
         Starting Set console font and keymap...
[[0;32m  OK  [0m] Started Create Volatile Files and Directories.
[[0;32m  OK  [0m] Started Tell Plymouth To Write Out Runtime Data.
[[0;32m  OK  [0m] Started Commit a transient machine-id on disk.
         Starting Update UTMP about System Boot/Shutdown...
[[0;32m  OK  [0m] Started Update UTMP about System Boot/Shutdown.
[   12.024878] cloud-init[628]: Cloud-init v. 18.4-0ubuntu1~16.04.2 running 'init-local' at Mon, 29 Apr 2019 14:14:12 +0000. Up 11.54 seconds.
[[0;32m  OK  [0m] Started Set console font and keymap.
[[0;32m  OK  [0m] Created slice system-getty.slice.
[[0;32m  OK  [0m] Started Initial cloud-init job (pre-networking).
[[0;32m  OK  [0m] Reached target Network (Pre).
[[0;32m  OK  [0m] Started LSB: AppArmor initialization.
         Starting Raise network interfaces...
[[0;32m  OK  [0m] Started Raise network interfaces.
[[0;32m  OK  [0m] Reached target Network.
         Starting Initial cloud-init job (metadata service crawler)...
[   13.106812] cloud-init[964]: Cloud-init v. 18.4-0ubuntu1~16.04.2 running 'init' at Mon, 29 Apr 2019 14:14:13 +0000. Up 12.66 seconds.
[[0;32m  OK  [0m] Started Initial cloud-init job (metadata service crawler).
[   13.179373] cloud-init[964]: ci-info: ++++++++++++++++++++++++++++++++++++++Net device info+++++++++++++++++++++++++++++++++++++++
[   13.183076] cloud-init[964]: ci-info: +--------+-------+----------------------------+---------------+--------+-------------------+
[[0;32m  OK  [0m] Reached target System Initialization.
[   13.218696] cloud-init[964]: ci-info: | Device |   Up  |          Address           |      Mask     | Scope  |     Hw-Address    |[[0;32m  OK  [0m] Listening on ACPID Listen Socket.
         Starting Socket activation for snappy daemon.

[   13.244783] cloud-init[964]: ci-info: +--------+-------+----------------------------+---------------+--------+-------------------+[[0;32m  OK  [0m] Started ACPI Events Check.
[[0;32m  OK  [0m] Reached target Paths.
[[0;32m  OK  [0m] Listening on D-Bus System Message Bus Socket.
[   13.257127] cloud-init[964]: ci-info: | enp0s3 |  True |         10.0.2.15          | 255.255.255.0 | global | 02:47:ec:b6:72:35 |
[   13.258116] cloud-init[964]: ci-info: | enp0s3 |  True | fe80::47:ecff:feb6:7235/64 |       .       |  link  | 02:47:ec:b6:72:35 |
[   13.258191] cloud-init[964]: ci-info: | enp0s8 | False |             .              |       .       |   .    | 08:00:27:ee:fc:92 |
[   13.258262] cloud-init[964]: ci-info: |   lo   |  True |         127.0.0.1          |   255.0.0.0   |  host  |         .         |
[   13.258354] cloud-init[964]: ci-info: |   lo   |  True |          ::1/128           |       .       |  host  |         .         |
[   13.258429] cloud-init[964]: ci-info: +--------+-------+----------------------------+---------------+--------+-------------------+
[   13.258508] cloud-init[964]: ci-info: +++++++++++++++++++++++++++Route IPv4 info++++++++++++++++++++++++++++
[   13.258580] cloud-init[964]: ci-info: +-------+-------------+----------+---------------+-----------+-------+
[   13.258648] cloud-init[964]: ci-info: | Route | Destination | Gateway  |    Genmask    | Interface | Flags |
[   13.258722] cloud-init[964]: ci-info: +-------+-------------+----------+---------------+-----------+-------+
[   13.258791] cloud-init[964]: ci-info: |   0   |   0.0.0.0   | 10.0.2.2 |    0.0.0.0    |   enp0s3  |   UG  |
[   13.258861] cloud-init[964]: ci-info: |   1   |   10.0.2.0  | 0.0.0.0  | 255.255.255.0 |   enp0s3  |   U   |
[   13.258929] cloud-init[964]: ci-info: +-------+-------------+----------+---------------+-----------+-------+
[   13.259004] cloud-init[964]: ci-info: +++++++++++++++++++Route IPv6 info+++++++++++++++++++
[   13.259056] cloud-init[964]: ci-info: +-------+-------------+---------+-----------+-------+
[   13.259108] cloud-init[964]: ci-info: | Route | Destination | Gateway | Interface | Flags |
[   13.259160] cloud-init[964]: ci-info: +-------+-------------+---------+-----------+-------+
[   13.259210] cloud-init[964]: ci-info: |   0   |  fe80::/64  |    ::   |   enp0s3  |   U   |
[   13.259301] cloud-init[964]: ci-info: |   3   |   ff00::/8  |    ::   |   enp0s3  |   U   |
[   13.259357] cloud-init[964]: ci-info: +-------+-------------+---------+-----------+-------+
[   13.259411] cloud-init[964]: Generating public/private rsa key pair.
[   13.259470] cloud-init[964]: Your identification has been saved in /etc/ssh/ssh_host_rsa_key.
[   13.259554] cloud-init[964]: Your public key has been saved in /etc/ssh/ssh_host_rsa_key.pub.
[   13.259648] cloud-init[964]: The key fingerprint is:
[   13.259716] cloud-init[964]: SHA256:JtKcBtJtK1eJuF1zv1jxI1siL0IzEAylXcNgLw59s5c root@ubuntu-xenial
[   13.259769] cloud-init[964]: The key's randomart image is:
[   13.259822] cloud-init[964]: +---[RSA 2048]----+
[   13.259874] cloud-init[964]: |    .+=oo        |
[   13.259933] cloud-init[964]: |   . B.=.o       |
[   13.259985] cloud-init[964]: |  . * O O . .    |

[[0;32m  OK  [0m] Started Daily apt download activities.
[   13.260102] cloud-init[964]: |   . X O = o o   |
[[0;32m  OK  [0m] Started Daily apt upgrade and clean activities.
[[0;32m  OK  [0m] Listening on UUID daemon activation socket.
[   13.334539] cloud-init[964]: |    + @ S E = +  |
[[0;32m  OK  [0m[   13.468607] cloud-init[964]: |     = + + = * . |
[   13.468743] cloud-init[964]: |        . o +    |
[   13.468868] cloud-init[964]: |         . .     |
[   13.469031] cloud-init[964]: |                 |
[   13.469207] cloud-init[964]: +----[SHA256]-----+
[   13.469363] cloud-init[964]: Generating public/private dsa key pair.
[   13.469517] cloud-init[964]: Your identification has been saved in /etc/ssh/ssh_host_dsa_key.
[   13.469642] cloud-init[964]: Your public key has been saved in /etc/ssh/ssh_host_dsa_key.pub.
[   13.469746] cloud-init[964]: The key fingerprint is:
[   13.469847] cloud-init[964]: SHA256:9EI69Ouku3jeCSVnl92FnNWOrP7tLhg1EXmxwSj47Yk root@ubuntu-xenial
[   13.469947] cloud-init[964]: The key's randomart image is:
[   13.470090] cloud-init[964]: +---[DSA 1024]----+
[   13.470202] cloud-init[964]: |          .   +=+|
[   13.470360] cloud-init[964]: |         . . oo==|
[   13.470483] cloud-init[964]: |      . o . o.+*.|
[   13.470586] cloud-init[964]: |     . = . + o=..|
[   13.470687] cloud-init[964]: |      + S + +oo. |
[   13.470836] cloud-init[964]: |       * + Eoo   |
[   13.470994] cloud-init[964]: |      . o  . o   |
] Started Daily Cleanup of Temporary Directories.
[[0;32m  OK  [0m] Reached target Timers.
[   13.471150]          Starting LXD - unix socket.
[[0;32m  OK  [0m] Reached target Cloud-config availability.
[[0;32m  OK  [0m] Reached target Network is Online.
         Starting iSCSI initiator daemon (iscsid)...
[[0;32m  OK  [0m] Listening on Socket activation for snappy daemon.
[[0;32m  OK  [0m] Listening on LXD - unix socket.
[[0;32m  OK  [0m] Reached target Sockets.
[[0;32m  OK  [0m] Reached target Basic System.
cloud-init[964]: |     ..* .  o .. |
         Starting /etc/rc.local Compatibility...
[   13.525197] cloud-init[964]: |    .o=o+    ..++|
[   13.526460] cloud-init[964]: +----[SHA256]-----+
[[0;32m  OK  [0m] Started ACPI event daemon.
[   13.528542] cloud-init[964]: Generating public/private ecdsa key pair.
[[0;32m  OK  [0m] Started Deferred execution scheduler.
[   13.531293] cloud-init[964]: Your identification has been saved in /etc/ssh/ssh_host_ecdsa_key.
         Starting LXD - container startup/shutdown...
[[0;32m  OK  [0m] Started Unattended Upgrades Shutdown.
         Starting Accounts Service...
         Starting Virtualbox guest utils...
         Starting System Logging Service...
[   13.544706] cloud-init[964]: Your public key has been saved in /etc/ssh/ssh_host_ecdsa_key.pub.
         Starting Pollinate to seed the pseudo random number generator...
[   13.633700] cloud-init[964]: The key fingerprint is:
[   13.637544] cloud-init[964]: SHA256:+X3RtHyxzyav023zW7w82xkygJaWFR8isf5ecDfy5lc root@ubuntu-xenial
[   13.639075] cloud-init[964]: The key's randomart image is:
[[0;32m  OK  [0m] Started D-Bus System Message Bus.
[   13.650852] cloud-init[964]: +---[ECDSA 256]---+
         Starting LSB: Record successful boot for GRUB...
[   13.709980] cloud-init[964]: |         o.o .   |
         [   13.712338] cloud-init[964]: |          o + .  |
[   13.713269] cloud-init[964]: |         . . . ..|
Starting LSB: MD monitoring daemon...
[[0;32m  OK  [0m[   13.716205] cloud-init[964]: |        ..=   .o+|
[   13.717474] cloud-init] Started FUSE filesystem for LXC.
[964]: [[0;32m  OK  [0m] Started Regular background program processing daemon.
         Starting Snappy daemon...
         Starting Login Service...
[[0;32m  OK  [0m] Started System Logging Service.|        SB o o.*o|
[   13.736289] 
[[0;32m  OK  [0m] Started /etc/rc.local Compatibility.
[[0;32m  OK  [0m] Started LXD - container startup/shutdown.
cloud-init[[0;32m  OK  [0m] Started iSCSI initiator daemon (iscsid).[964]: |        o...+ ++E|

[   13.781598] cloud-init[964]: |          ...+o=O|
[   13.785711] cloud-init[964]: |          . ..B*@|
[   13.832279] cloud-init[964]: |           .  .@@|
[[0;32m  OK  [0m] Started LSB: Record successful boot for GRUB.
[[0;32m  OK  [0m] Started Virtualbox guest utils.
[[0;32m  OK  [0m] Started LSB: MD monitoring daemon.
[   13.886419] cloud-init[964]: +----[SHA256]-----+
[   13.907353] cloud-init[964]:          Starting Authenticate and Authorize Users to Run Privileged Tasks...
         Starting Login to default iSCSI targets...
Generating public/private ed25519 key pair.
[   13.915537] [[0;32m  OK  [0m] Started Login Service.
cloud-init[964]: Your identification has been saved in /etc/ssh/ssh_host_ed25519_key.
[   13.942156] [[0;32m  OK  [0m] Started Login to default iSCSI targets.
[[0;32m  OK  [0m] Reached target Remote File Systems (Pre).
[[0;32m  OK  [0m] Reached target Remote File Systems.
         Starting Permit User Sessions...
         Starting LSB: automatic crash report generation...
         Starting LSB: Set the CPU Frequency Scaling governor to "ondemand"...
         Starting LSB: daemon to balance interrupts for SMP systems...
cloud-init[964]: Your public key has been saved in /etc/ssh/ssh_host_ed25519_key.pub.
[[0;32m  OK  [0m] Started Authenticate and Authorize Users to Run Privileged Tasks.
[   13.995362] cloud-init[964]: The key fingerprint is:
[   13.996709] cloud-init[964]: SHA256:iZVim8ROWQhwDvf4fDNLJvhgGCq7txXaROjlkuCCWk4 root@ubuntu-xenial
[[0;32m  OK  [0m] Started Permit User Sessions.
[[0;32m  OK  [0m] Started Snappy daemon.
[[0;32m  OK  [0m] Started Accounts Service.
[   14.001556] cloud-init[964]: The key's randomart image is:
[   14.047072] cloud-init[964]: +--[ED25519 256]--+
[   14.048265] cloud-init[964]: |  o.+. ..        |
[   14.049361] cloud-init[964]: |   * +.o .       |
         Starting Wait until snapd is fully seeded...
         Starting Terminate Plymouth Boot Screen...
         Starting Hold until boot process finishes up...
[[0;32m  OK  [0m] Started LSB: Set the CPU Frequency Scaling governor to "ondemand".
[[0;32m  OK  [0m] Started Pollinate to seed the pseudo random number generator.
[[0;32m  OK  [0m] Started Terminate Plymouth Boot Screen.
[   14.073889] cloud-init[964]: |. o = O o        |
[[0;32m  OK  [0m] Started Hold until boot process finishes up.
[   14.173764] cloud-init[964]: |o+ B O * .       |
[   14.177063] cloud-init[964]: |=.E B O S        |
[   14.178798] cloud-init[964]: |+= * + = +       |
[   14.200351] cloud-init[964]: |o o o . .        |
[[0;32m  OK  [0m] Started LSB: automatic crash report generation.
[   14.218956] cloud-init[964]: | ...             |
[   14.220090] cloud-init[964]: |....             |
[   14.221800] cloud-init[964]: +----[SHA256]-----+
[[0;32m  OK  [0m] Started LSB: daemon to balance interrupts for SMP systems.
[[0;32m  OK  [0m] Started Getty on tty1.
[[0;32m  OK  [0m] Started Serial Getty on ttyS0.
[[0;32m  OK  [0m] Reached target Login Prompts.
         Starting Set console scheme...
         Starting OpenBSD Secure Shell server...
[[0;32m  OK  [0m] Started Set console scheme.
[[0;32m  OK  [0m] Started OpenBSD Secure Shell server.
[[0;32m  OK  [0m] Started Wait until snapd is fully seeded.
         Starting Apply the settings specified in cloud-config...
[[0;32m  OK  [0m] Reached target Multi-User System.
[[0;32m  OK  [0m] Reached target Graphical Interface.
         Starting Update UTMP about System Runlevel Changes...
[[0;32m  OK  [0m] Started Update UTMP about System Runlevel Changes.
[   17.950664] cloud-init[1305]: Generating locales (this might take a while)...
[[0;32m  OK  [0m] Created slice User Slice of vagrant.
         Starting User Manager for UID 1000...
[[0;32m  OK  [0m] Started User Manager for UID 1000.
[[0;32m  OK  [0m] Started Session 1 of user vagrant.
[   18.778218] cloud-init[1305]:   en_US.UTF-8... done
[   18.953975] cloud-init[1305]: Generation complete.
[   19.163912] cloud-init[1305]: Cloud-init v. 18.4-0ubuntu1~16.04.2 running 'modules:config' at Mon, 29 Apr 2019 14:14:18 +0000. Up 17.87 seconds.
[[0;32m  OK  [0m] Started Apply the settings specified in cloud-config.
ci-info: no authorized ssh keys fingerprints found for user ubuntu.
<14>Apr 29 14:14:20 ec2: 
<14>Apr 29 14:14:20 ec2: #############################################################
<14>Apr 29 14:14:20 ec2: -----BEGIN SSH HOST KEY FINGERPRINTS-----
<14>Apr 29 14:14:20 ec2: 1024 SHA256:9EI69Ouku3jeCSVnl92FnNWOrP7tLhg1EXmxwSj47Yk root@ubuntu-xenial (DSA)
<14>Apr 29 14:14:20 ec2: 256 SHA256:+X3RtHyxzyav023zW7w82xkygJaWFR8isf5ecDfy5lc root@ubuntu-xenial (ECDSA)
<14>Apr 29 14:14:20 ec2: 256 SHA256:iZVim8ROWQhwDvf4fDNLJvhgGCq7txXaROjlkuCCWk4 root@ubuntu-xenial (ED25519)
<14>Apr 29 14:14:20 ec2: 2048 SHA256:JtKcBtJtK1eJuF1zv1jxI1siL0IzEAylXcNgLw59s5c root@ubuntu-xenial (RSA)
<14>Apr 29 14:14:20 ec2: -----END SSH HOST KEY FINGERPRINTS-----
<14>Apr 29 14:14:20 ec2: #############################################################
-----BEGIN SSH HOST KEY KEYS-----
ecdsa-sha2-nistp256 AAAAE2VjZHNhLXNoYTItbmlzdHAyNTYAAAAIbmlzdHAyNTYAAABBBDCYGGkm3LXjtxP5MESBAQsDK6bDhSk0Ab+gBq+OmCwQVr2YfEM7dOhGhSEWPXjP+lCL2mfJf1jOUOc8xlJ08Lo= root@ubuntu-xenial
ssh-ed25519 AAAAC3NzaC1lZDI1NTE5AAAAIJ3bGRjuqpnMGGPVrcrqzFtdmUEYjZaoR5QUs4UABT0b root@ubuntu-xenial
ssh-rsa AAAAB3NzaC1yc2EAAAADAQABAAABAQDIG2Vse6ii2JwSdiG4Wip+jUG5Q/MnzK8UwLg5bM2fBWp9Ftrur+AYiyu/WazbTeyamqxfKtQjTGGqJgRbjFf4BQFPGJUH6/C5WzKNnMvJxbkKtqbAA0+lfjSNQuofZa6HI4vXwOVFbarHuWl7gSvTohRaoF4haBPnqrCva0Hg4PFEGDO9opYTnVt0sv2/TADlnfueXz/rbn3mgTQ/8l74ccNkag2AMfu7iZy58wGP/hxrnw9q7e9XbZQM2l8f5axVpLt2l9PAlHiC3v2nDaann52Q+2DjD0LHa4LifSmk6K60JEEbJFEneP86a2KaERQyj8bwQQK2OSub5NoiWf0T root@ubuntu-xenial
-----END SSH HOST KEY KEYS-----
[   19.896088] cloud-init[1423]: Cloud-init v. 18.4-0ubuntu1~16.04.2 running 'modules:final' at Mon, 29 Apr 2019 14:14:20 +0000. Up 19.79 seconds.
[   19.896239] cloud-init[1423]: ci-info: no authorized ssh keys fingerprints found for user ubuntu.
[   19.896319] cloud-init[1423]: Cloud-init v. 18.4-0ubuntu1~16.04.2 finished at Mon, 29 Apr 2019 14:14:20 +0000. Datasource DataSourceNoCloud [seed=/dev/sdb][dsmode=net].  Up 19.89 seconds

Ubuntu 16.04.5 LTS ubuntu-xenial ttyS0

ubuntu-xenial login:              Stopping LSB: MD monitoring daemon...
         Stopping Deferred execution scheduler...
         Stopping LXD - container startup/shutdown...
         Stopping Regular background program processing daemon...
[  OK  ] Stopped Wait until snapd is fully seeded.
         Stopping FUSE filesystem for LXC...
         Stopping OpenBSD Secure Shell server...
         Stopping LSB: daemon to balance interrupts for SMP systems...
         Stopping Virtualbox guest utils...
         Stopping System Logging Service...
         Stopping LSB: Set the CPU Frequency Scaling governor to "ondemand"...
         Stopping LSB: start Samba daemons for the AD DC...
         Stopping LSB: Record successful boot for GRUB...
         Stopping Accounts Service...
         Stopping LSB: automatic crash report generation...
[  OK  ] Unmounted /var/lib/lxcfs.
[  OK  ] Stopped ACPI event daemon.
[  OK  ] Stopped Deferred execution scheduler.
[  OK  ] Stopped Accounts Service.
[  OK  ] Stopped Regular background program processing daemon.
[  OK  ] Stopped Getty on tty1.
[  OK  ] Stopped Serial Getty on ttyS0.
[  OK  ] Stopped User Manager for UID 1000.
[  OK  ] Stopped OpenBSD Secure Shell server.
[  OK  ] Stopped System Logging Service.
[  OK  ] Stopped Authenticate and Authorize Users to Run Privileged Tasks.
[  OK  ] Stopped D-Bus System Message Bus.
[  OK  ] Stopped Session 4 of user vagrant.
[  OK  ] Stopped FUSE filesystem for LXC.
[  OK  ] Stopped LSB: MD monitoring daemon.
[  OK  ] Stopped LXD - container startup/shutdown.
[  OK  ] Stopped LSB: daemon to balance interrupts for SMP systems.
[  OK  ] Stopped LSB: Set the CPU Frequency Scaling governor to "ondemand".
[  OK  ] Stopped Virtualbox guest utils.
[  OK  ] Stopped LSB: Record successful boot for GRUB.
[  OK  ] Stopped LSB: automatic crash report generation.
[  OK  ] Removed slice User Slice of vagrant.
         Stopping Login Service...
[  OK  ] Removed slice system-serial\x2dgetty.slice.
[  OK  ] Stopped /etc/rc.local Compatibility.
         Stopping Permit User Sessions...
[  OK  ] Removed slice system-getty.slice.
[  OK  ] Stopped Login Service.
[  OK  ] Stopped Permit User Sessions.
[  OK  ] Stopped target User and Group Name Lookups.
[  OK  ] Stopped LSB: start Samba daemons for the AD DC.
[  OK  ] Stopped target Remote File Systems.
[  OK  ] Stopped target Remote File Systems (Pre).
         Stopping Login to default iSCSI targets...
[  OK  ] Stopped target Basic System.
[  OK  ] Stopped target Sockets.
[  OK  ] Closed D-Bus System Message Bus Socket.
[  OK  ] Closed Socket activation for snappy daemon.
[  OK  ] Closed ACPID Listen Socket.
[  OK  ] Closed LXD - unix socket.
[  OK  ] Closed Syslog Socket.
[  OK  ] Closed UUID daemon activation socket.
[  OK  ] Stopped target Slices.
[  OK  ] Removed slice User and Session Slice.
[  OK  ] Stopped target Paths.
[  OK  ] Stopped Dispatch Password Requests to Console Directory Watch.
[  OK  ] Stopped ACPI Events Check.
[  OK  ] Stopped Forward Password Requests to Wall Directory Watch.
[  OK  ] Stopped target System Initialization.
[  OK  ] Stopped target Encrypted Volumes.
[  OK  ] Stopped Commit a transient machine-id on disk.
         Stopping Load/Save Random Seed...
         Stopping Update UTMP about System Boot/Shutdown...
[  OK  ] Stopped target Swap.
[  OK  ] Stopped Load/Save Random Seed.
[  OK  ] Stopped Login to default iSCSI targets.
[  OK  ] Stopped Update UTMP about System Boot/Shutdown.
[  OK  ] Stopped Create Volatile Files and Directories.
         Stopping iSCSI initiator daemon (iscsid)...
[  OK  ] Stopped iSCSI initiator daemon (iscsid).
[  OK  ] Stopped target Network is Online.
[  OK  ] Stopped target Network.
[  OK  ] Stopped Initial cloud-init job (metadata service crawler).
         Stopping Raise network interfaces...
[  OK  ] Stopped Raise network interfaces.
[  OK  ] Stopped target Local File Systems.
         Unmounting /run/user/1000...
         Unmounting /vagrant...
[  OK  ] Stopped Apply Kernel Variables.
[  OK  ] Stopped Load Kernel Modules.
[  OK  ] Stopped target Network (Pre).
[  OK  ] Stopped Initial cloud-init job (pre-networking).
[  OK  ] Unmounted /run/user/1000.
[  OK  ] Unmounted /vagrant.
[  OK  ] Reached target Unmount All Filesystems.
[  OK  ] Stopped target Local File Systems (Pre).
[  OK  ] Stopped Remount Root and Kernel File Systems.
         Stopping Monitoring of LVM2 mirrors... dmeventd or progress polling...
[  OK  ] Stopped Create Static Device Nodes in /dev.
[  OK  ] Reached target Shutdown.
[ 3135.835022] reboot: Restarting system
[   0.000000  nnttaaiiiig cgroup subsys cpuset
[    0.000000] Initializin  ggooppssbbyy  pp
[    ..000000] Initializing cgroup subsys cpuacct
[    0.000000] Linux version 4.4.0-142-generic (buildd@lgw01-amd64-033) (gcc version 5.4.0 20160609 (Ubuntu 5.4.0-6ubuntu1~16.04.10) ) #168-Ubuntu SMP Wed Jan 16 21:00:45 UTC 2019 (Ubuntu 4.4.0-142.168-generic 4.4.167)
[    0.000000] Command line: BOOT_IMAGE=/boot/vmlinuz-4.4.0-142-generic root=UUID=605fab45-7f91-4753-a396-5bb378b9d4cb ro console=tty1 console=ttyS0
[    0.000000] KERNEL supported cpus:
[    0.000000]   Intel GenuineIntel
[    0.000000]   AMD AuthenticAMD
[    0.000000]   Centaur CentaurHauls
[    0.000000] x86/fpu: xstate_offset[2]:  576, xstate_sizes[2]:  256
[    0.000000] x86/fpu: Supporting XSAVE feature 0x01: 'x87 floating point registers'
[    0.000000] x86/fpu: Supporting XSAVE feature 0x02: 'SSE registers'
[    0.000000] x86/fpu: Supporting XSAVE feature 0x04: 'AVX registers'
[    0.000000] x86/fpu: Enabled xstate features 0x7, context size is 832 bytes, using 'standard' format.
[    0.000000] e820: BIOS-provided physical RAM map:
[    0.000000] BIOS-e820: [mem 0x0000000000000000-0x000000000009fbff] usable
[    0.000000] BIOS-e820: [mem 0x000000000009fc00-0x000000000009ffff] reserved
[    0.000000] BIOS-e820: [mem 0x00000000000f0000-0x00000000000fffff] reserved
[    0.000000] BIOS-e820: [mem 0x0000000000100000-0x000000003ffeffff] usable
[    0.000000] BIOS-e820: [mem 0x000000003fff0000-0x000000003fffffff] ACPI data
[    0.000000] BIOS-e820: [mem 0x00000000fec00000-0x00000000fec00fff] reserved
[    0.000000] BIOS-e820: [mem 0x00000000fee00000-0x00000000fee00fff] reserved
[    0.000000] BIOS-e820: [mem 0x00000000fffc0000-0x00000000ffffffff] reserved
[    0.000000] NX (Execute Disable) protection: active
[    0.000000] SMBIOS 2.5 present.
[    0.000000] Hypervisor detected: KVM
[    0.000000] e820: last_pfn = 0x3fff0 max_arch_pfn = 0x400000000
[    0.000000] MTRR: Disabled
[    0.000000] x86/PAT: MTRRs disabled, skipping PAT initialization too.
[    0.000000] CPU MTRRs all blank - virtualized system.
[    0.000000] x86/PAT: Configuration [0-7]: WB  WT  UC- UC  WB  WT  UC- UC  
[    0.000000] found SMP MP-table at [mem 0x0009fff0-0x0009ffff] mapped at [ffff88000009fff0]
[    0.000000] Scanning 1 areas for low memory corruption
[    0.000000] RAMDISK: [mem 0x361ec000-0x370edfff]
[    0.000000] ACPI: Early table checksum verification disabled
[    0.000000] ACPI: RSDP 0x00000000000E0000 000024 (v02 VBOX  )
[    0.000000] ACPI: XSDT 0x000000003FFF0030 00003C (v01 VBOX   VBOXXSDT 00000001 ASL  00000061)
[    0.000000] ACPI: FACP 0x000000003FFF00F0 0000F4 (v04 VBOX   VBOXFACP 00000001 ASL  00000061)
[    0.000000] ACPI: DSDT 0x000000003FFF0470 0021FF (v02 VBOX   VBOXBIOS 00000002 INTL 20180105)
[    0.000000] ACPI: FACS 0x000000003FFF0200 000040
[    0.000000] ACPI: FACS 0x000000003FFF0200 000040
[    0.000000] ACPI: APIC 0x000000003FFF0240 000054 (v02 VBOX   VBOXAPIC 00000001 ASL  00000061)
[    0.000000] ACPI: SSDT 0x000000003FFF02A0 0001CC (v01 VBOX   VBOXCPUT 00000002 INTL 20180105)
[    0.000000] No NUMA configuration found
[    0.000000] Faking a node at [mem 0x0000000000000000-0x000000003ffeffff]
[    0.000000] NODE_DATA(0) allocated [mem 0x3ffeb000-0x3ffeffff]
[    0.000000] kvm-clock: Using msrs 4b564d01 and 4b564d00
[    0.000000] kvm-clock: cpu 0, msr 0:3ffe3001, primary cpu clock
[    0.000000] kvm-clock: using sched offset of 3142668275006 cycles
[    0.000000] clocksource: kvm-clock: mask: 0xffffffffffffffff max_cycles: 0x1cd42e4dffb, max_idle_ns: 881590591483 ns
[    0.000000] Zone ranges:
[    0.000000]   DMA      [mem 0x0000000000001000-0x0000000000ffffff]
[    0.000000]   DMA32    [mem 0x0000000001000000-0x000000003ffeffff]
[    0.000000]   Normal   empty
[    0.000000]   Device   empty
[    0.000000] Movable zone start for each node
[    0.000000] Early memory node ranges
[    0.000000]   node   0: [mem 0x0000000000001000-0x000000000009efff]
[    0.000000]   node   0: [mem 0x0000000000100000-0x000000003ffeffff]
[    0.000000] Initmem setup node 0 [mem 0x0000000000001000-0x000000003ffeffff]
[    0.000000] ACPI: PM-Timer IO Port: 0x4008
[    0.000000] IOAPIC[0]: apic_id 1, version 32, address 0xfec00000, GSI 0-23
[    0.000000] ACPI: INT_SRC_OVR (bus 0 bus_irq 0 global_irq 2 dfl dfl)
[    0.000000] ACPI: INT_SRC_OVR (bus 0 bus_irq 9 global_irq 9 low level)
[    0.000000] Using ACPI (MADT) for SMP configuration information
[    0.000000] smpboot: Allowing 1 CPUs, 0 hotplug CPUs
[    0.000000] PM: Registered nosave memory: [mem 0x00000000-0x00000fff]
[    0.000000] PM: Registered nosave memory: [mem 0x0009f000-0x0009ffff]
[    0.000000] PM: Registered nosave memory: [mem 0x000a0000-0x000effff]
[    0.000000] PM: Registered nosave memory: [mem 0x000f0000-0x000fffff]
[    0.000000] e820: [mem 0x40000000-0xfebfffff] available for PCI devices
[    0.000000] Booting paravirtualized kernel on KVM
[    0.000000] clocksource: refined-jiffies: mask: 0xffffffff max_cycles: 0xffffffff, max_idle_ns: 7645519600211568 ns
[    0.000000] setup_percpu: NR_CPUS:512 nr_cpumask_bits:512 nr_cpu_ids:1 nr_node_ids:1
[    0.000000] PERCPU: Embedded 34 pages/cpu @ffff88003fc00000 s99480 r8192 d31592 u2097152
[    0.000000] Built 1 zonelists in Node order, mobility grouping on.  Total pages: 257912
[    0.000000] Policy zone: DMA32
[    0.000000] Kernel command line: BOOT_IMAGE=/boot/vmlinuz-4.4.0-142-generic root=UUID=605fab45-7f91-4753-a396-5bb378b9d4cb ro console=tty1 console=ttyS0
[    0.000000] PID hash table entries: 4096 (order: 3, 32768 bytes)
[    0.000000] Memory: 997300K/1048120K available (8603K kernel code, 1332K rwdata, 4004K rodata, 1484K init, 1316K bss, 50820K reserved, 0K cma-reserved)
[    0.000000] SLUB: HWalign=64, Order=0-3, MinObjects=0, CPUs=1, Nodes=1
[    0.000000] Kernel/User page tables isolation: enabled
[    0.000000] Hierarchical RCU implementation.
[    0.000000] 	Build-time adjustment of leaf fanout to 64.
[    0.000000] 	RCU restricting CPUs from NR_CPUS=512 to nr_cpu_ids=1.
[    0.000000] RCU: Adjusting geometry for rcu_fanout_leaf=64, nr_cpu_ids=1
[    0.000000] NR_IRQS:33024 nr_irqs:256 16
[    0.000000] Console: colour VGA+ 80x25
[    0.000000] console [tty1] enabled
[    0.000000] console [ttyS0] enabled
[    0.000000] tsc: Detected 1991.999 MHz processor
[    0.408631] Calibrating delay loop (skipped) preset value.. 3983.99 BogoMIPS (lpj=7967996)
[    0.410206] pid_max: default: 32768 minimum: 301
[    0.411050] ACPI: Core revision 20150930
[    0.412598] ACPI: 2 ACPI AML tables successfully acquired and loaded
[    0.413655] Security Framework initialized
[    0.414338] Yama: becoming mindful.
[    0.414954] AppArmor: AppArmor initialized
[    0.415738] Dentry cache hash table entries: 131072 (order: 8, 1048576 bytes)
[    0.417084] Inode-cache hash table entries: 65536 (order: 7, 524288 bytes)
[    0.418182] Mount-cache hash table entries: 2048 (order: 2, 16384 bytes)
[    0.419189] Mountpoint-cache hash table entries: 2048 (order: 2, 16384 bytes)
[    0.420302] Initializing cgroup subsys io
[    0.421271] Initializing cgroup subsys memory
[    0.422031] Initializing cgroup subsys devices
[    0.422743] Initializing cgroup subsys freezer
[    0.423502] Initializing cgroup subsys net_cls
[    0.424379] Initializing cgroup subsys perf_event
[    0.425293] Initializing cgroup subsys net_prio
[    0.426135] Initializing cgroup subsys hugetlb
[    0.426866] Initializing cgroup subsys pids
[    0.428767] mce: CPU supports 0 MCE banks
[    0.429444] process: using mwait in idle threads
[    0.430179] Last level iTLB entries: 4KB 64, 2MB 8, 4MB 8
[    0.430994] Last level dTLB entries: 4KB 64, 2MB 0, 4MB 0, 1GB 4
[    0.433002] Spectre V2 : Mitigation: Full generic retpoline
[    0.434810] Spectre V2 : Spectre v2 / SpectreRSB mitigation: Filling RSB on context switch
[    0.436325] Speculative Store Bypass: Vulnerable
[    0.458008] Freeing SMP alternatives memory: 32K
[    0.474687] ftrace: allocating 32277 entries in 127 pages
[    0.522296] smpboot: APIC(0) Converting physical 0 to logical package 0
[    0.558295] smpboot: Max logical packages: 1
[    0.559233] x2apic enabled
[    0.560115] Switched APIC routing to physical x2apic.
[    0.561849] ..TIMER: vector=0x30 apic1=0 pin1=2 apic2=-1 pin2=-1
[    0.668262] smpboot: CPU0: Intel(R) Core(TM) i7-8550U CPU @ 1.80GHz (family: 0x6, model: 0x8e, stepping: 0xa)
[    0.715645] Performance Events: unsupported p6 CPU model 142 no PMU driver, software events only.
[    0.727545] KVM setup paravirtual spinlock
[    0.730679] x86: Booted up 1 node, 1 CPUs
[    0.731387] smpboot: Total of 1 processors activated (3983.99 BogoMIPS)
[    0.733010] devtmpfs: initialized
[    0.736575] evm: security.selinux
[    0.739977] evm: security.SMACK64
[    0.740857] evm: security.SMACK64EXEC
[    0.741637] evm: security.SMACK64TRANSMUTE
[    0.742480] evm: security.SMACK64MMAP
[    0.743245] evm: security.ima
[    0.744037] evm: security.capability
[    0.744947] clocksource: jiffies: mask: 0xffffffff max_cycles: 0xffffffff, max_idle_ns: 7645041785100000 ns
[    0.746867] futex hash table entries: 256 (order: 2, 16384 bytes)
[    0.748182] pinctrl core: initialized pinctrl subsystem
[    0.755040] RTC time: 15:06:19, date: 04/29/19
[    0.756870] NET: Registered protocol family 16
[    0.783482] cpuidle: using governor ladder
[    0.804804] cpuidle: using governor menu
[    0.805544] PCCT header not found.
[    0.806288] ACPI: bus type PCI registered
[    0.806954] acpiphp: ACPI Hot Plug PCI Controller Driver version: 0.5
[    0.814926] PCI: Using configuration type 1 for base access
[    0.816841] ACPI: Added _OSI(Module Device)
[    0.817479] ACPI: Added _OSI(Processor Device)
[    0.818125] ACPI: Added _OSI(3.0 _SCP Extensions)
[    0.818798] ACPI: Added _OSI(Processor Aggregator Device)
[    0.820014] ACPI: Executed 1 blocks of module-level executable AML code
[    0.823102] ACPI: Interpreter enabled
[    0.823749] ACPI: (supports S0 S5)
[    0.824372] ACPI: Using IOAPIC for interrupt routing
[    0.825285] PCI: Using host bridge windows from ACPI; if necessary, use "pci=nocrs" and report a bug
[    0.829430] ACPI: PCI Root Bridge [PCI0] (domain 0000 [bus 00-ff])
[    0.830364] acpi PNP0A03:00: _OSC: OS supports [ASPM ClockPM Segments MSI]
[    0.831368] acpi PNP0A03:00: _OSC: not requesting OS control; OS requires [ExtendedConfig ASPM ClockPM MSI]
[    0.865136] acpi PNP0A03:00: fail to add MMCONFIG information, can't access extended PCI configuration space under this bridge.
[    0.867082] PCI host bridge to bus 0000:00
[    0.874337] pci_bus 0000:00: root bus resource [io  0x0000-0x0cf7 window]
[    0.875267] pci_bus 0000:00: root bus resource [io  0x0d00-0xffff window]
[    0.876145] pci_bus 0000:00: root bus resource [mem 0x000a0000-0x000bffff window]
[    0.877227] pci_bus 0000:00: root bus resource [mem 0x40000000-0xfdffffff window]
[    0.878326] pci_bus 0000:00: root bus resource [bus 00-ff]
[    0.880624] pci 0000:00:01.1: legacy IDE quirk: reg 0x10: [io  0x01f0-0x01f7]
[    0.894470] pci 0000:00:01.1: legacy IDE quirk: reg 0x14: [io  0x03f6]
[    0.895420] pci 0000:00:01.1: legacy IDE quirk: reg 0x18: [io  0x0170-0x0177]
[    0.896292] pci 0000:00:01.1: legacy IDE quirk: reg 0x1c: [io  0x0376]
[    0.907487] pci 0000:00:07.0: quirk: [io  0x4000-0x403f] claimed by PIIX4 ACPI
[    0.958518] pci 0000:00:07.0: quirk: [io  0x4100-0x410f] claimed by PIIX4 SMB
[    0.965886] ACPI: PCI Interrupt Link [LNKA] (IRQs 5 9 10 *11)
[    0.979047] ACPI: PCI Interrupt Link [LNKB] (IRQs 5 9 *10 11)
[    1.110155] ACPI: PCI Interrupt Link [LNKC] (IRQs 5 *9 10 11)
[    1.111621] ACPI: PCI Interrupt Link [LNKD] (IRQs 5 9 10 *11)
[    1.113179] ACPI: Enabled 2 GPEs in block 00 to 07
[    1.114252] vgaarb: setting as boot device: PCI:0000:00:02.0
[    1.178141] vgaarb: device added: PCI:0000:00:02.0,decodes=io+mem,owns=io+mem,locks=none
[    1.179741] vgaarb: loaded
[    1.194230] vgaarb: bridge control possible 0000:00:02.0
[    1.211786] SCSI subsystem initialized
[    1.212662] ACPI: bus type USB registered
[    1.213520] usbcore: registered new interface driver usbfs
[    1.240768] usbcore: registered new interface driver hub
[    1.314604] usbcore: registered new device driver usb
[    1.315618] PCI: Using ACPI for IRQ routing
[    1.316621] NetLabel: Initializing
[    1.317190] NetLabel:  domain hash size = 128
[    1.317850] NetLabel:  protocols = UNLABELED CIPSOv4
[    1.318583] NetLabel:  unlabeled traffic allowed by default
[    1.319528] amd_nb: Cannot enumerate AMD northbridges
[    1.320395] clocksource: Switched to clocksource kvm-clock
[    1.325749] AppArmor: AppArmor Filesystem Enabled
[    1.326680] pnp: PnP ACPI init
[    1.327883] pnp: PnP ACPI: found 3 devices
[    1.334216] clocksource: acpi_pm: mask: 0xffffff max_cycles: 0xffffff, max_idle_ns: 2085701024 ns
[    1.335696] NET: Registered protocol family 2
[    1.336573] TCP established hash table entries: 8192 (order: 4, 65536 bytes)
[    1.337734] TCP bind hash table entries: 8192 (order: 5, 131072 bytes)
[    1.338904] TCP: Hash tables configured (established 8192 bind 8192)
[    1.339983] UDP hash table entries: 512 (order: 2, 16384 bytes)
[    1.340893] UDP-Lite hash table entries: 512 (order: 2, 16384 bytes)
[    1.341987] NET: Registered protocol family 1
[    1.342706] pci 0000:00:00.0: Limiting direct PCI/PCI transfers
[    1.343821] pci 0000:00:01.0: Activating ISA DMA hang workarounds
[    1.355120] Unpacking initramfs...
[    1.532493] Freeing initrd memory: 15368K
[    1.574959] platform rtc_cmos: registered platform RTC device (no PNP device found)
[    1.576679] Scanning for low memory corruption every 60 seconds
[    1.578002] audit: initializing netlink subsys (disabled)
[    1.579018] audit: type=2000 audit(1556553523.474:1): initialized
[    1.580343] Initialise system trusted keyring
[    1.581324] HugeTLB registered 2 MB page size, pre-allocated 0 pages
[    1.583470] zbud: loaded
[    1.584278] VFS: Disk quotas dquot_6.6.0
[    1.585060] VFS: Dquot-cache hash table entries: 512 (order 0, 4096 bytes)
[    1.586431] squashfs: version 4.0 (2009/01/31) Phillip Lougher
[    1.587791] fuse init (API version 7.23)
[    1.588634] Key type big_key registered
[    1.589331] Allocating IMA MOK and blacklist keyrings.
[    1.590305] Key type asymmetric registered
[    1.591007] Asymmetric key parser 'x509' registered
[    1.591862] Block layer SCSI generic (bsg) driver version 0.4 loaded (major 249)
[    1.593239] io scheduler noop registered
[    1.594026] io scheduler deadline registered (default)
[    1.595012] io scheduler cfq registered
[    1.595924] pci_hotplug: PCI Hot Plug PCI Core version: 0.5
[    1.596971] pciehp: PCI Express Hot Plug Controller Driver version: 0.4
[    1.598216] ACPI: AC Adapter [AC] (on-line)
[    1.704856] input: Power Button as /devices/LNXSYSTM:00/LNXPWRBN:00/input/input0
[    1.706086] ACPI: Power Button [PWRF]
[    1.706798] input: Sleep Button as /devices/LNXSYSTM:00/LNXSLPBN:00/input/input1
[    1.708110] ACPI: Sleep Button [SLPF]
[    1.709007] GHES: HEST is not enabled!
[    1.709905] Serial: 8250/16550 driver, 32 ports, IRQ sharing enabled
[    1.732918] 00:02: ttyS0 at I/O 0x3f8 (irq = 4, base_baud = 115200) is a 16550A
[    1.805998] Linux agpgart interface v0.103
[    1.807569] loop: module loaded
[    1.808650] scsi host0: ata_piix
[    1.809319] scsi host1: ata_piix
[    1.809918] ata1: PATA max UDMA/33 cmd 0x1f0 ctl 0x3f6 bmdma 0xd000 irq 14
[    1.811066] ata2: PATA max UDMA/33 cmd 0x170 ctl 0x376 bmdma 0xd008 irq 15
[    1.812323] libphy: Fixed MDIO Bus: probed
[    1.813076] tun: Universal TUN/TAP device driver, 1.6
[    1.813889] tun: (C) 1999-2004 Max Krasnyansky <maxk@qualcomm.com>
[    1.825120] PPP generic driver version 2.4.2
[    1.825870] ehci_hcd: USB 2.0 'Enhanced' Host Controller (EHCI) Driver
[    1.826868] ehci-pci: EHCI PCI platform driver
[    1.894564] ehci-platform: EHCI generic platform driver
[    1.895616] ohci_hcd: USB 1.1 'Open' Host Controller (OHCI) Driver
[    1.896834] ohci-pci: OHCI PCI platform driver
[    1.897794] ohci-platform: OHCI generic platform driver
[    1.898859] uhci_hcd: USB Universal Host Controller Interface driver
[    1.899964] i8042: PNP: PS/2 Controller [PNP0303:PS2K,PNP0f03:PS2M] at 0x60,0x64 irq 1,12
[    1.901705] serio: i8042 KBD port at 0x60,0x64 irq 1
[    1.902875] serio: i8042 AUX port at 0x60,0x64 irq 12
[    1.924890] mousedev: PS/2 mouse device common for all mice
[    1.925995] input: AT Translated Set 2 keyboard as /devices/platform/i8042/serio0/input/input2
[    1.927927] rtc_cmos rtc_cmos: rtc core: registered rtc_cmos as rtc0
[    1.928973] rtc_cmos rtc_cmos: alarms up to one day, 114 bytes nvram
[    1.929935] i2c /dev entries driver
[    1.930583] device-mapper: uevent: version 1.0.3
[    1.931507] device-mapper: ioctl: 4.34.0-ioctl (2015-10-28) initialised: dm-devel@redhat.com
[    1.933038] ledtrig-cpu: registered to indicate activity on CPUs
[    1.934256] NET: Registered protocol family 10
[    1.935125] NET: Registered protocol family 17
[    1.974546] Key type dns_resolver registered
[    1.975614] registered taskstats version 1
[    1.976313] Loading compiled-in X.509 certificates
[    1.977509] Loaded X.509 cert 'Build time autogenerated kernel key: bff73e56bc0efa7435b2a24f5427674623f1be80'
[    1.979820] zswap: loaded using pool lzo/zbud
[    1.982152] Key type trusted registered
[    1.985044] Key type encrypted registered
[    1.985855] AppArmor: AppArmor sha1 policy hashing enabled
[    1.987010] ima: No TPM chip found, activating TPM-bypass!
[    1.988261] ima: Allocated hash algorithm: sha1
[    1.989089] evm: HMAC attrs: 0x1
[    1.989900]   Magic number: 15:821:134
[    1.990594] pci 0000:00:03.0: hash matches
[    1.991389] rtc_cmos rtc_cmos: setting system clock to 2019-04-29 15:06:20 UTC (1556550380)
[    1.992809] BIOS EDD facility v0.16 2004-Jun-25, 0 devices found
[    1.993776] EDD information not available.
[    1.995569] Freeing unused kernel memory: 1484K
[    2.004421] Write protecting the kernel read-only data: 14336k
[    2.064844] Freeing unused kernel memory: 1624K
[    2.065698] Freeing unused kernel memory: 92K
Loading, please wait...
starting version 229
[    2.075573] random: udevadm: uninitialized urandom read (16 bytes read, 3 bits of entropy available)
[    2.145755] random: systemd-udevd: uninitialized urandom read (16 bytes read, 3 bits of entropy available)
[    2.147478] random: systemd-udevd: uninitialized urandom read (16 bytes read, 3 bits of entropy available)
[    2.149332] random: systemd-udevd: uninitialized urandom read (16 bytes read, 3 bits of entropy available)
[    2.150998] random: systemd-udevd: uninitialized urandom read (16 bytes read, 3 bits of entropy available)
[    2.153443] random: udevadm: uninitialized urandom read (16 bytes read, 3 bits of entropy available)
[    2.160165] random: systemd-udevd: uninitialized urandom read (16 bytes read, 3 bits of entropy available)
[    2.187804] random: udevadm: uninitialized urandom read (16 bytes read, 3 bits of entropy available)
[    2.189441] random: udevadm: uninitialized urandom read (16 bytes read, 3 bits of entropy available)
[    2.190977] random: udevadm: uninitialized urandom read (16 bytes read, 3 bits of entropy available)
[    2.241707] e1000: Intel(R) PRO/1000 Network Driver - version 7.3.21-k8-NAPI
[    2.324817] e1000: Copyright (c) 1999-2006 Intel Corporation.
[    2.329595] Fusion MPT base driver 3.04.20
[    2.330211] Copyright (c) 1999-2008 LSI Corporation
[    2.341668] Fusion MPT SPI Host driver 3.04.20
[    2.410671] AVX2 version of gcm_enc/dec engaged.
[    2.524780] AES CTR mode by8 optimization enabled
[    2.543539] input: ImExPS/2 Generic Explorer Mouse as /devices/platform/i8042/serio1/input/input4
[    2.627177] mptbase: ioc0: Initiating bringup
[    2.631780] tsc: Refined TSC clocksource calibration: 1992.656 MHz
[    2.724779] clocksource: tsc: mask: 0xffffffffffffffff max_cycles: 0x397229ec360, max_idle_ns: 881590751901 ns
[    2.780879] ioc0: LSI53C1030 A0: Capabilities={Initiator}
[    2.955140] scsi host2: ioc0: LSI53C1030 A0, FwRev=00000000h, Ports=1, MaxQ=256, IRQ=20
[    3.128178] scsi 2:0:0:0: Direct-Access     VBOX     HARDDISK         1.0  PQ: 0 ANSI: 5
[    3.245401] scsi target2:0:0: Beginning Domain Validation
[    3.247036] scsi target2:0:0: Domain Validation skipping write tests
[    3.248284] scsi target2:0:0: Ending Domain Validation
[    3.249487] scsi target2:0:0: asynchronous
[    3.250398] scsi 2:0:1:0: Direct-Access     VBOX     HARDDISK         1.0  PQ: 0 ANSI: 5
[    3.251737] scsi target2:0:1: Beginning Domain Validation
[    3.253024] scsi target2:0:1: Domain Validation skipping write tests
[    3.254132] scsi target2:0:1: Ending Domain Validation
[    3.352572] scsi target2:0:1: asynchronous
[    3.505884] sd 2:0:0:0: Attached scsi generic sg0 type 0
[    3.545145] sd 2:0:0:0: [sda] 20971520 512-byte logical blocks: (10.7 GB/10.0 GiB)
[    3.571859] sd 2:0:0:0: [sda] Write Protect is off
[    3.672460] sd 2:0:1:0: [sdb] 20480 512-byte logical blocks: (10.5 MB/10.0 MiB)
[    3.753078] sd 2:0:1:0: Attached scsi generic sg1 type 0
[    3.810412] sd 2:0:0:0: [sda] Incomplete mode parameter data
[    3.811620] sd 2:0:0:0: [sda] Assuming drive cache: write through
[    3.829409]  sda: sda1
[    3.884878] sd 2:0:1:0: [sdb] Write Protect is off
[    3.943373] sd 2:0:1:0: [sdb] Incomplete mode parameter data
[    4.024661] sd 2:0:1:0: [sdb] Assuming drive cache: write through
[    4.025776] sd 2:0:0:0: [sda] Attached SCSI disk
[    4.029325] sd 2:0:1:0: [sdb] Attached SCSI disk
[    4.048658] e1000 0000:00:03.0 eth0: (PCI:33MHz:32-bit) 02:47:ec:b6:72:35
[    4.154964] e1000 0000:00:03.0 eth0: Intel(R) PRO/1000 Network Connection
[    4.499596] e1000 0000:00:08.0 eth1: (PCI:33MHz:32-bit) 08:00:27:ee:fc:92
[    4.565305] e1000 0000:00:08.0 eth1: Intel(R) PRO/1000 Network Connection
[    4.567413] e1000 0000:00:08.0 enp0s8: renamed from eth1
[    4.570674] e1000 0000:00:03.0 enp0s3: renamed from eth0
Begin: Loading e[    5.842485] md: linear personality registered for level -1
ssential drivers ... [    5.958125] md: multipath personality registered for level -4
[    5.961235] md: raid0 personality registered for level 0
[    5.965199] md: raid1 personality registered for level 1
[    6.043960] raid6: sse2x1   gen() 11490 MB/s
[    6.153935] raid6: sse2x1   xor()  9612 MB/s
[    6.253971] raid6: sse2x2   gen() 13843 MB/s
[    6.413920] raid6: sse2x2   xor() 10825 MB/s
[    6.533956] raid6: sse2x4   gen() 15103 MB/s
[    6.653940] raid6: sse2x4   xor() 11652 MB/s
[    6.753915] raid6: avx2x1   gen() 23996 MB/s
[    6.853943] raid6: avx2x2   gen() 27345 MB/s
[    6.993975] raid6: avx2x4   gen() 30486 MB/s
[    7.094606] raid6: using algorithm avx2x4 gen() 30486 MB/s
[    7.095452] raid6: using avx2x2 recovery algorithm
[    7.098774] xor: automatically using best checksumming function:
[    7.193944]    avx       : 78379.000 MB/sec
[    7.216637] async_tx: api initialized (async)
[    7.229987] md: raid6 personality registered for level 6
[    7.254724] md: raid5 personality registered for level 5
[    7.255606] md: raid4 personality registered for level 4
[    7.262036] md: raid10 personality registered for level 10
done.[    7.520885] Btrfs loaded

Begin: Running /scripts/init-premount ... done.
Begin: Mounting root file system ... Begin: Running /scripts/local-top ... done.
Begin: Running /scripts/local-premount ... Scanning for Btrfs filesystems
done.
Warning: fsck not present, so skipping root file system
[    7.585785] EXT4-fs (sda1): mounted filesystem with ordered data mode. Opts: (null)
done.
Begin: Running /scripts/local-bottom ... done.
Begin: Running /scripts/init-bottom ... done.
[    7.707693] systemd[1]: systemd 229 running in system mode. (+PAM +AUDIT +SELINUX +IMA +APPARMOR +SMACK +SYSVINIT +UTMP +LIBCRYPTSETUP +GCRYPT +GNUTLS +ACL +XZ -LZ4 +SECCOMP +BLKID +ELFUTILS +KMOD -IDN)
[    7.715377] systemd[1]: Detected virtualization oracle.
[    7.716693] systemd[1]: Detected architecture x86-64.

Welcome to [1mUbuntu 16.04.6 LTS[0m!

[    7.721629] systemd[1]: Set hostname to <node-2>.
[    7.874532] systemd[1]: Listening on /dev/initctl Compatibility Named Pipe.
[[0;32m  OK  [0m] Listening on /dev/initctl Compatibility Named Pipe.
[    7.976713] systemd[1]: Started Forward Password Requests to Wall Directory Watch.
[[0;32m  OK  [0m] Started Forward Password Requests to Wall Directory Watch.
[    7.979934] systemd[1]: Reached target Swap.
[[0;32m  OK  [0m] Reached target Swap.
[    7.982005] systemd[1]: Created slice User and Session Slice.
[[0;32m  OK  [0m] Created slice User and Session Slice.
[    7.984140] systemd[1]: Set up automount Arbitrary Executable File Formats File System Automount Point.
[[0;32m  OK  [0m] Set up automount Arbitrary Executab...ats File System Automount Point.
[    7.987153] systemd[1]: Created slice System Slice.
[[0;32m  OK  [0m] Created slice System Slice.
[    8.045929] systemd[1]: Created slice system-serial\x2dgetty.slice.
[[0;32m  OK  [0m] Created slice system-serial\x2dgetty.slice.
[    8.126060] systemd[1]: Reached target Slices.
[[0;32m  OK  [0m] Reached target Slices.
[    8.127970] systemd[1]: Reached target System Time Synchronized.
[[0;32m  OK  [0m] Reached target System Time Synchronized.
[    8.130045] systemd[1]: Listening on Syslog Socket.
[[0;32m  OK  [0m] Listening on Syslog Socket.
[    8.131973] systemd[1]: Reached target Encrypted Volumes.
[[0;32m  OK  [0m] Reached target Encrypted Volumes.
[    8.134004] systemd[1]: Listening on LVM2 metadata daemon socket.
[[0;32m  OK  [0m] Listening on LVM2 metadata daemon socket.
[    8.136161] systemd[1]: Listening on LVM2 poll daemon socket.
[[0;32m  OK  [0m] Listening on LVM2 poll daemon socket.
[    8.138371] systemd[1]: Listening on Journal Socket.
[[0;32m  OK  [0m] Listening on Journal Socket.
[    8.141256] systemd[1]: Mounting POSIX Message Queue File System...
         Mounting POSIX Message Queue File System...
[    8.144924] systemd[1]: Mounting Debug File System...
         Mounting Debug File System...
[    8.156149] systemd[1]: Starting Remount Root and Kernel File Systems...
         [    8.163413] EXT4-fs (sda1): re-mounted. Opts: (null)
Starting Remount Root and Kernel File Systems...
[    8.327411] systemd[1]: Starting Load Kernel Modules...
         Starting Load Kernel Modules...
[    8.330139] systemd[1]: Mounting Huge Pages File System...
         Mounting Huge Pa[    8.337703] Loading iSCSI transport class v2.0-870.
ges File System...
[    8.555481] systemd[1]: Starting Set console keymap...
         Starting Set console keymap...
[    8.723966] systemd[1]: Reached target User and Group Name Lookups.
[[0;32m  OK  [0m] Reached target User and Group Name Lookups.
[    8.727008] systemd[1]: Starting Create list of required static device nodes for the current kernel...
[    8.729073] random: nonblocking pool is initialized
         Starting Create list of required st... nodes for the current kernel...
[    8.734010] systemd[1]: Listening on udev Control Socket.
[[0;32m  OK  [0m] Listening on udev Control Socket.
[    8.737725] iscsi: registered transport (tcp)
[    8.738790] systemd[1]: Listening on Journal Audit Socket.
[[0;32m  OK  [0m] Listening on Journal Audit Socket.
[    8.744720] systemd[1]: Listening on Journal Socket (/dev/log).
[[0;32m  OK  [0m] Listening on Journal Socket (/dev/log).
[    8.754933] systemd[1]: Starting Journal Service...
         Starting Journal Service...
[    8.757449] systemd[1]: Starting Nameserver information manager...
         Starting Nameserver information manager...
[    8.789932] systemd[1]: Starting Uncomplicated firewall...
         Starting Uncomplicated firewall...
[    8.793832] systemd[1]: Listening on Device-mapper event daemon FIFOs.
[[0;32m  OK  [0m] Listening on Device-mapper event daemon FIFOs.
[    8.799104] systemd[1]: Starting Monitoring of LVM2 mirrors, snapshots etc. using dmeventd or progress polling...
         [    8.806579] iscsi: registered transport (iser)
Starting Monitoring of LVM2 mirrors... dmeventd or progress polling...
[    8.858215] systemd[1]: Listening on udev Kernel Socket.
[[0;32m  OK  [0m] Listening on udev Kernel Socket.
[    8.860477] systemd[1]: Started Trigger resolvconf update for networkd DNS.
[[0;32m  OK  [0m] Started Trigger resolvconf update for networkd DNS.
[    8.866189] systemd[1]: Mounted Huge Pages File System.
[[0;32m  OK  [0m] Mounted Huge Pages File System.
[    8.980884] systemd[1]: Mounted Debug File System.
[[0;32m  OK  [0m] Mounted Debug File System.
[    9.015771] systemd[1]: Mounted POSIX Message Queue File System.
[[0;32m  OK  [0m] Mounted POSIX Message Queue File System.
[    9.017691] systemd[1]: Started Journal Service.
[[0;32m  OK  [0m] Started Journal Service.
[[0;32m  OK  [0m] Started Remount Root and Kernel File Systems.
[[0;32m  OK  [0m] Started Load Kernel Modules.
[[0;32m  OK  [0m] Started Set console keymap.
[[0;32m  OK  [0m] Started Create list of required sta...ce nodes for the current kernel.
[[0;32m  OK  [0m] Started Uncomplicated firewall.
[[0;32m  OK  [0m] Started Nameserver information manager.
[[0;32m  OK  [0m] Started LVM2 metadata daemon.
         Starting Create Static Device Nodes in /dev...
         Starting Apply Kernel Variables...
         Mounting FUSE Control File System...
         Starting udev Coldplug all Devices...
         Starting Load/Save Random Seed...
         Starting Flush Journal to Persistent Storage...
[[0;32m  OK  [0m] Mounted FUSE Control File System.
[[0;32m  OK  [0m] Started Create Static Device Nodes in /dev.
[[0;32m  OK  [0m] Started Apply Kernel Variables.
[[0;32m  OK  [0m] Started Load/Save Random Seed.
[[0;32m  OK  [0m] Started udev Coldplug all Devices.
[[0;32m  OK  [0m] Started Flush Journal to Persistent Storage.
         Starting udev Kernel Device Manager...
[[0;32m  OK  [0m] Started udev Kernel Device Manager.
[[0;32m  OK  [0m] Started Dispatch Password Requests to Console Directory Watch.
[[0;32m  OK  [0m] Found device /dev/ttyS0.
[[0;32m  OK  [0m] Listening on Load/Save RF Kill Switch Status /dev/rfkill Watch.
[[0;32m  OK  [0m] Started Monitoring of LVM2 mirrors,...ng dmeventd or progress polling.
[[0;32m  OK  [0m] Reached target Local File Systems (Pre).
[[0;32m  OK  [0m] Reached target Local File Systems.
         Starting Initial cloud-init job (pre-networking)...
         Starting LSB: AppArmor initialization...
         Starting Set console font and keymap...
         Starting Create Volatile Files and Directories...
         Starting Tell Plymouth To Write Out Runtime Data...
[[0;32m  OK  [0m] Started Create Volatile Files and Directories.
[[0;32m  OK  [0m] Started Tell Plymouth To Write Out Runtime Data.
         Starting Update UTMP about System Boot/Shutdown...
[[0;32m  OK  [0m] Started LSB: AppArmor initialization.
[[0;32m  OK  [0m] Found device 82540EM Gigabit Ethern...r (PRO/1000 MT Desktop Adapter).
[[0;32m  OK  [0m] Found device 82540EM Gigabit Ethern...r (PRO/1000 MT Desktop Adapter).
[[0;32m  OK  [0m] Started Update UTMP about System Boot/Shutdown.
[   10.071749] cloud-init[631]: Cloud-init v. 18.5-45-g3554ffe8-0ubuntu1~16.04.1 running 'init-local' at Mon, 29 Apr 2019 15:06:29 +0000. Up 9.65 seconds.
[[0;32m  OK  [0m] Started Initial cloud-init job (pre-networking).
[[0;32m  OK  [0m] Reached target Network (Pre).
[[0;32m  OK  [0m] Started ifup for enp0s3.
[[0;32m  OK  [0m] Started ifup for enp0s8.
         Starting Raise network interfaces...
[[0;32m  OK  [0m] Started Set console font and keymap.
[[0;32m  OK  [0m] Created slice system-getty.slice.
[[0;32m  OK  [0m] Started Raise network interfaces.
[[0;32m  OK  [0m] Reached target Network.
         Starting Initial cloud-init job (metadata service crawler)...
[   10.904686] cloud-init[1093]: Cloud-init v. 18.5-45-g3554ffe8-0ubuntu1~16.04.1 running 'init' at Mon, 29 Apr 2019 15:06:30 +0000. Up 10.69 seconds.
[   10.953289] cloud-init[1093]: ci-info: ++++++++++++++++++++++++++++++++++++++Net device info+++++++++++++++++++++++++++++++++++++++
[[0;32m  OK  [0m[   10.960390] cloud-init[1093]: ci-info: +--------+------+-----------------------------+---------------+--------+-------------------+
[   10.961992] cloud-init[1093]: ci-info: | Device |  Up  |           Address           |      Mask     | Scope  |     Hw-Address    |
[   10.963601] cloud-init[1093]: ] Started Initial cloud-init job (metadata service crawler).
[[0;32m  OK  [0m] Reached target System Initialization.
ci-info: +--------+------+-----------------------------+---------------+--------+-------------------+
         Starting LXD - unix socket.
[[0;32m  OK  [0m] Listening on ACPID Listen Socket.
[[0;32m  OK  [0m] Listening on UUID daemon activation socket.
[[0;32m  OK  [0m] Started Daily Cleanup of Temporary Directories.
[   10.975941] cloud-init[1093]: ci-info: | enp0s3 | True |          10.0.2.15          | 255.255.255.0 | global | 02:47:ec:b6:72:35 |
[   11.000466] cloud-init[1093]: ci-info: | enp0s3 | True |  fe80::47:ecff:feb6:7235/64 |       .       |  link  | 02:47:ec:b6:72:35 |
[   11.031890] cloud-init[1093]: ci-info: | enp0s8 | True |         10.45.10.102        | 255.255.255.0 | global | 08:00:27:ee:fc:92 |
[   11.034638] cloud-init[1093]: ci-info: | enp0s8 | True | fe80::a00:27ff:feee:fc92/64 |       .       |  link  | 08:00:27:ee:fc:92 |[[0;32m  OK  [0m] Started Daily apt download activities.

[[0;32m  OK  [0m] Started ACPI Events Check.
[[0;32m  OK  [0m] Reached target Paths.
[[0;32m  OK  [0m] Listening on D-Bus System Message Bus Socket.
         Starting Socket activation for snappy daemon.
[[0;32m  OK  [0m] Started Daily apt upgrade and clean activities.
[[0;32m  OK  [0m] Reached target Timers.
[[0;32m  OK  [0m] Reached target Cloud-config availability.
[[0;32m  OK  [0m] Reached target Network is Online.
         Starting iSCSI initiator daemon (iscsid)...
[[0;32m  OK  [0m] Listening on LXD - unix socket.
[   11.039678] cloud-init[1093]: ci-info: |   lo   | True |          127.0.0.1          |   255.0.0.0   |  host  |         .         |
[   11.074348] cloud-init[1093]: ci-info: |   lo   | True |           ::1/128           |       .       |  host  |         .         |[[0;32m  OK  [0m] Listening on Socket activation for snappy daemon.

[   11.080510] cloud-init[1093]: ci-info: +--------+------+-----------------------------+---------------+--------+-------------------+
[   11.125258] cloud-init[1093]: ci-info: +++++++++++++++++++++++++++Route IPv4 info++++++++++++++++++++++++++++
[[0;32m  OK  [0m] Started iSCSI initiator daemon (iscsid).
[   11.127876] cloud-init[1093]: ci-info: +-------+-------------+----------+---------------+-----------+-------+
[   11.181136] cloud-init[1093]: ci-info: | Route | Destination | Gateway  |    Genmask    | Interface | Flags |
         Starting Login to default iSCSI targets...
[[0;32m  OK  [0m] Reached target Sockets.
[[0;32m  OK  [0m] Reached target Basic System.
[   11.236492] cloud-init[1093]: ci-info: +-------+-------------+----------+---------------+-----------+-------+
[[0;32m  OK  [0m] Started Regular background program processing daemon.
[[0;32m  OK  [0m] Started Deferred execution scheduler.
[   11.263086] cloud-init[1093]: ci-info: |   0   |   0.0.0.0   | 10.0.2.2 |    0.0.0.0    |   enp0s3  |   UG  |
[   11.270309] cloud-init[1093]: ci-info: |   1   |   10.0.2.0  | 0.0.0.0  | 255.255.255.0 |   enp0s3  |   U   |
[[0;32m  OK  [0m] Started ACPI event daemon.
[   11.278888] cloud-init[1093]: ci-info: |   2   |  10.45.10.0 | 0.0.0.0  | 255.255.255.0 |   enp0s8  |   U   |
         Starting Accounts Service...
[   11.287429] cloud-init[1093]: ci-info: +-------+-------------+----------+---------------+-----------+-------+
         Starting LSB: MD monitoring daemon...
         Starting LSB: Record successful boot for GRUB...
[   11.297488] cloud-init[1093]: ci-info: +++++++++++++++++++Route IPv6 info+++++++++++++++++++         Starting Login Service...
[   11.308746] cloud-init[1093]: ci-info: +-------+-------------+---------+-----------+-------+

[[0;32m  OK  [0m] Started FUSE filesystem for LXC.
[   11.344268] cloud-init[1093]: ci-info: | Route | Destination | Gateway | Interface | Flags |
[   11.374782] cloud-init[1093]: ci-info: +-------+-------------+---------+-----------+-------+
[   11.375041] cloud-init[1093]: ci-info: |   0   |  fe80::/64  |    ::   |   enp0s8  |   U   |
[   11.375267] cloud-init[1093]: ci-info: |   1   |  fe80::/64  |    ::   |   enp0s3  |   U   |
[   11.375484] cloud-init[1093]: ci-info: |   4   |   ff00::/8  |    ::   |   enp0s8  |   U   |
[   11.375719] cloud-init[1093]: ci-info: |   5   |   ff00::/8  |    ::   |   enp0s3  |   U   |
[   11.375894] cloud-init[1093]: ci-info: +-------+-------------+---------+-----------+-------+
         Starting Virtualbox guest utils...
         Starting System Logging Service...
         Starting Snappy daemon...
         Starting /etc/rc.local Compatibility...
         Starting LXD - container startup/shutdown...
         Starting OpenBSD Secure Shell server...
[[0;32m  OK  [0m] Started D-Bus System Message Bus.
[[0;32m  OK  [0m] Started System Logging Service.
[[0;32m  OK  [0m] Started /etc/rc.local Compatibility.
[[0;32m  OK  [0m] Started OpenBSD Secure Shell server.
[[0;32m  OK  [0m] Started LXD - container startup/shutdown.
[[0;32m  OK  [0m] Started Login to default iSCSI targets.
[[0;32m  OK  [0m] Started Snappy daemon.
[[0;32m  OK  [0m] Started LSB: MD monitoring daemon.
[[0;32m  OK  [0m] Started LSB: Record successful boot for GRUB.
[[0;32m  OK  [0m] Started Virtualbox guest utils.
[[0;32m  OK  [0m] Started Login Service.
[[0;32m  OK  [0m] Started Unattended Upgrades Shutdown.
         Starting Authenticate and Authorize Users to Run Privileged Tasks...
         Starting Wait until snapd is fully seeded...
[[0;32m  OK  [0m] Reached target Remote File Systems (Pre).
[[0;32m  OK  [0m] Reached target Remote File Systems.
         Starting Permit User Sessions...
         Starting LSB: Set the CPU Frequency Scaling governor to "ondemand"...
         Starting LSB: start Samba daemons for the AD DC...
         Starting LSB: daemon to balance interrupts for SMP systems...
         Starting LSB: automatic crash report generation...
[[0;32m  OK  [0m] Started Wait until snapd is fully seeded.
[[0;32m  OK  [0m] Started Permit User Sessions.
[[0;32m  OK  [0m] Started Authenticate and Authorize Users to Run Privileged Tasks.
[[0;32m  OK  [0m] Started Accounts Service.
[[0;32m  OK  [0m] Started LSB: Set the CPU Frequency Scaling governor to "ondemand".
         Starting Terminate Plymouth Boot Screen...
         Starting Hold until boot process finishes up...
         Starting Apply the settings specified in cloud-config...
[[0;32m  OK  [0m] Started Hold until boot process finishes up.
[[0;32m  OK  [0m] Started Terminate Plymouth Boot Screen.
         Starting Set console scheme...
[[0;32m  OK  [0m] Started Serial Getty on ttyS0.
[[0;32m  OK  [0m] Started Getty on tty1.
[[0;32m  OK  [0m] Reached target Login Prompts.
[[0;32m  OK  [0m] Started Set console scheme.
[[0;32m  OK  [0m] Started LSB: daemon to balance interrupts for SMP systems.
[[0;32m  OK  [0m] Started LSB: automatic crash report generation.
[[0;32m  OK  [0m] Started LSB: start Samba daemons for the AD DC.
[[0;32m  OK  [0m] Reached target Multi-User System.
[[0;32m  OK  [0m] Reached target Graphical Interface.
         Starting Update UTMP about System Runlevel Changes...
[   12.529775] [[0;32m  OK  [0m] Started Update UTMP about System Runlevel Changes.
cloud-init[1343]: Cloud-init v. 18.5-45-g3554ffe8-0ubuntu1~16.04.1 running 'modules:config' at Mon, 29 Apr 2019 15:06:31 +0000. Up 12.40 seconds.
[[0;32m  OK  [0m] Started Apply the settings specified in cloud-config.
         Starting Execute cloud user/final scripts...
[   13.287746] cloud-init[1386]: Cloud-init v. 18.5-45-g3554ffe8-0ubuntu1~16.04.1 running 'modules:final' at Mon, 29 Apr 2019 15:06:32 +0000. Up 13.12 seconds.
[[0;32m  OK  [0m] Started Execute cloud user/final scripts.
[[0;32m  OK  [0m] Reached target Cloud-init target.
[   13.558205] cloud-init[1386]: Cloud-init v. 18.5-45-g3554ffe8-0ubuntu1~16.04.1 finished at Mon, 29 Apr 2019 15:06:32 +0000. Datasource DataSourceNoCloud [seed=/dev/sdb][dsmode=net].  Up 13.27 seconds

Ubuntu 16.04.6 LTS node-2 ttyS0

node-2 login: 